Archive member included to satisfy reference by file (symbol)

.pio/build/blackpill_f411ce/lib5fc/libSPI.a(SPI.cpp.o)
                              .pio/build/blackpill_f411ce/src/main.cpp.o (SPIClass::begin(unsigned char))
.pio/build/blackpill_f411ce/lib5fc/libSPI.a(spi_com.c.o)
                              .pio/build/blackpill_f411ce/lib5fc/libSPI.a(SPI.cpp.o) (spi_getClkFreq)
.pio/build/blackpill_f411ce/lib2de/libWire.a(Wire.cpp.o)
                              .pio/build/blackpill_f411ce/src/main.cpp.o (TwoWire::TwoWire(unsigned long, unsigned long))
.pio/build/blackpill_f411ce/lib2de/libWire.a(twi.c.o)
                              .pio/build/blackpill_f411ce/lib2de/libWire.a(Wire.cpp.o) (i2c_custom_init)
.pio/build/blackpill_f411ce/lib4f6/liblsm6dso32.a(VectorMath.cpp.o)
                              .pio/build/blackpill_f411ce/src/main.cpp.o (VectorF::VectorF(float, float, float))
.pio/build/blackpill_f411ce/lib4f6/liblsm6dso32.a(lsm6dso32.cpp.o)
                              .pio/build/blackpill_f411ce/src/main.cpp.o (LSM6DSO32::LSM6DSO32())
.pio/build/blackpill_f411ce/libFrameworkArduino.a(Print.cpp.o)
                              .pio/build/blackpill_f411ce/src/main.cpp.o (Print::println(char const*))
.pio/build/blackpill_f411ce/libFrameworkArduino.a(Stream.cpp.o)
                              .pio/build/blackpill_f411ce/lib2de/libWire.a(Wire.cpp.o) (Stream::readBytes(char*, unsigned int))
.pio/build/blackpill_f411ce/libFrameworkArduino.a(USBSerial.cpp.o)
                              .pio/build/blackpill_f411ce/src/main.cpp.o (USBSerial::begin(unsigned long))
.pio/build/blackpill_f411ce/libFrameworkArduino.a(WInterrupts.cpp.o)
                              .pio/build/blackpill_f411ce/src/main.cpp.o (attachInterrupt(unsigned long, std::function<void ()>, unsigned long))
.pio/build/blackpill_f411ce/libFrameworkArduino.a(WString.cpp.o)
                              .pio/build/blackpill_f411ce/libFrameworkArduino.a(Stream.cpp.o) (String::String(char const*))
.pio/build/blackpill_f411ce/libFrameworkArduino.a(abi.cpp.o)
                              .pio/build/blackpill_f411ce/libFrameworkArduino.a(Print.cpp.o) (__cxa_pure_virtual)
.pio/build/blackpill_f411ce/libFrameworkArduino.a(dtostrf.c.o)
                              .pio/build/blackpill_f411ce/libFrameworkArduino.a(WString.cpp.o) (dtostrf)
.pio/build/blackpill_f411ce/libFrameworkArduino.a(itoa.c.o)
                              .pio/build/blackpill_f411ce/libFrameworkArduino.a(WString.cpp.o) (ltoa)
.pio/build/blackpill_f411ce/libFrameworkArduino.a(main.cpp.o)
                              /home/ben/.platformio/packages/toolchain-gccarmnoneeabi/bin/../lib/gcc/arm-none-eabi/10.3.1/../../../../arm-none-eabi/lib/thumb/v7e-m+fp/hard/crt0.o (main)
.pio/build/blackpill_f411ce/libFrameworkArduino.a(pins_arduino.c.o)
                              .pio/build/blackpill_f411ce/lib2de/libWire.a(Wire.cpp.o) (pinNametoDigitalPin)
.pio/build/blackpill_f411ce/libFrameworkArduino.a(startup_stm32yyxx.S.o)
                              (Reset_Handler)
.pio/build/blackpill_f411ce/libFrameworkArduino.a(cdc_queue.c.o)
                              .pio/build/blackpill_f411ce/libFrameworkArduino.a(USBSerial.cpp.o) (CDC_TransmitQueue_WriteSize)
.pio/build/blackpill_f411ce/libFrameworkArduino.a(usbd_cdc_if.c.o)
                              .pio/build/blackpill_f411ce/libFrameworkArduino.a(USBSerial.cpp.o) (CDC_init)
.pio/build/blackpill_f411ce/libFrameworkArduino.a(usb_device_core.c.o)
                              .pio/build/blackpill_f411ce/libFrameworkArduino.a(usbd_cdc_if.c.o) (USBD_Init)
.pio/build/blackpill_f411ce/libFrameworkArduino.a(usb_device_ctlreq.c.o)
                              .pio/build/blackpill_f411ce/libFrameworkArduino.a(usb_device_core.c.o) (USBD_StdDevReq)
.pio/build/blackpill_f411ce/libFrameworkArduino.a(usb_device_ioreq.c.o)
                              .pio/build/blackpill_f411ce/libFrameworkArduino.a(usb_device_ctlreq.c.o) (USBD_CtlSendData)
.pio/build/blackpill_f411ce/libFrameworkArduino.a(usbd_conf.c.o)
                              .pio/build/blackpill_f411ce/libFrameworkArduino.a(usb_device_core.c.o) (USBD_LL_Init)
.pio/build/blackpill_f411ce/libFrameworkArduino.a(usbd_desc.c.o)
                              .pio/build/blackpill_f411ce/libFrameworkArduino.a(usbd_cdc_if.c.o) (USBD_Desc)
.pio/build/blackpill_f411ce/libFrameworkArduino.a(usbd_ep_conf.c.o)
                              .pio/build/blackpill_f411ce/libFrameworkArduino.a(usbd_conf.c.o) (ep_def)
.pio/build/blackpill_f411ce/libFrameworkArduino.a(usbd_if.c.o)
                              .pio/build/blackpill_f411ce/libFrameworkArduino.a(usbd_conf.c.o) (USBD_reenumerate)
.pio/build/blackpill_f411ce/libFrameworkArduino.a(wiring_digital.c.o)
                              .pio/build/blackpill_f411ce/lib5fc/libSPI.a(SPI.cpp.o) (pinMode)
.pio/build/blackpill_f411ce/libFrameworkArduino.a(wiring_time.c.o)
[...]
Memory Configuration

Name             Origin             Length             Attributes
*default*        0x0000000000000000 0xffffffffffffffff
RAM              0x0000000020000000 0x0000000000020000 xrw
FLASH            0x0000000008000000 0x0000000000080000 xr

Linker script and memory map

                0x0000000020020000                _estack = (ORIGIN (RAM) + LENGTH (RAM))
                0x0000000000000200                _Min_Heap_Size = 0x200
                0x0000000000000400                _Min_Stack_Size = 0x400

.isr_vector     0x0000000008000000      0x198
                0x0000000008000000                . = ALIGN (0x4)
 *(.isr_vector)
 .isr_vector    0x0000000008000000      0x198 .pio/build/blackpill_f411ce/libFrameworkArduino.a(startup_stm32yyxx.S.o)
                0x0000000008000000                g_pfnVectors
                0x0000000008000198                . = ALIGN (0x4)

.text           0x00000000080001a0     0xfe78
                0x00000000080001a0                . = ALIGN (0x4)
 *(.text)
 .text          0x00000000080001a0      0x378 /home/ben/.platformio/packages/toolchain-gccarmnoneeabi/bin/../lib/gcc/arm-none-eabi/10.3.1/thumb/v7e-m+fp/hard/libgcc.a(_arm_addsubdf3.o)
                0x00000000080001a0                __aeabi_drsub
                0x00000000080001a8                __aeabi_dsub
                0x00000000080001a8                __subdf3
                0x00000000080001ac                __adddf3
                0x00000000080001ac                __aeabi_dadd
                0x0000000008000424                __aeabi_ui2d
                0x0000000008000424                __floatunsidf
                0x0000000008000444                __floatsidf
                0x0000000008000444                __aeabi_i2d
                0x0000000008000468                __extendsfdf2
                0x0000000008000468                __aeabi_f2d
                0x00000000080004ac                __aeabi_ul2d
                0x00000000080004ac                __floatundidf
                0x00000000080004bc                __floatdidf
                0x00000000080004bc                __aeabi_l2d
 .text          0x0000000008000518      0x424 /home/ben/.platformio/packages/toolchain-gccarmnoneeabi/bin/../lib/gcc/arm-none-eabi/10.3.1/thumb/v7e-m+fp/hard/libgcc.a(_arm_muldivdf3.o)
                0x0000000008000518                __aeabi_dmul
                0x0000000008000518                __muldf3
                0x000000000800076c                __aeabi_ddiv
                0x000000000800076c                __divdf3
 .text          0x000000000800093c      0x110 /home/ben/.platformio/packages/toolchain-gccarmnoneeabi/bin/../lib/gcc/arm-none-eabi/10.3.1/thumb/v7e-m+fp/hard/libgcc.a(_arm_cmpdf2.o)
                0x000000000800093c                __gtdf2
                0x000000000800093c                __gedf2
                0x0000000008000944                __ltdf2
                0x0000000008000944                __ledf2
                0x000000000800094c                __cmpdf2
                0x000000000800094c                __eqdf2
                0x000000000800094c                __nedf2
                0x00000000080009c8                __aeabi_cdrcmple
                0x00000000080009d8                __aeabi_cdcmple
                0x00000000080009d8                __aeabi_cdcmpeq
                0x00000000080009e8                __aeabi_dcmpeq
                0x00000000080009fc                __aeabi_dcmplt
                0x0000000008000a10                __aeabi_dcmple
                0x0000000008000a24                __aeabi_dcmpge
                0x0000000008000a38                __aeabi_dcmpgt
 .text          0x0000000008000a4c       0x2c /home/ben/.platformio/packages/toolchain-gccarmnoneeabi/bin/../lib/gcc/arm-none-eabi/10.3.1/thumb/v7e-m+fp/hard/libgcc.a(_arm_unorddf2.o)
                0x0000000008000a4c                __aeabi_dcmpun
                0x0000000008000a4c                __unorddf2
 .text          0x0000000008000a78       0x50 /home/ben/.platformio/packages/toolchain-gccarmnoneeabi/bin/../lib/gcc/arm-none-eabi/10.3.1/thumb/v7e-m+fp/hard/libgcc.a(_arm_fixdfsi.o)
                0x0000000008000a78                __fixdfsi
                0x0000000008000a78                __aeabi_d2iz
 .text          0x0000000008000ac8       0x40 /home/ben/.platformio/packages/toolchain-gccarmnoneeabi/bin/../lib/gcc/arm-none-eabi/10.3.1/thumb/v7e-m+fp/hard/libgcc.a(_arm_fixunsdfsi.o)
                0x0000000008000ac8                __fixunsdfsi
                0x0000000008000ac8                __aeabi_d2uiz
 .text          0x0000000008000b08       0xa0 /home/ben/.platformio/packages/toolchain-gccarmnoneeabi/bin/../lib/gcc/arm-none-eabi/10.3.1/thumb/v7e-m+fp/hard/libgcc.a(_arm_truncdfsf2.o)
                0x0000000008000b08                __aeabi_d2f
                0x0000000008000b08                __truncdfsf2
 .text          0x0000000008000ba8       0x30 /home/ben/.platformio/packages/toolchain-gccarmnoneeabi/bin/../lib/gcc/arm-none-eabi/10.3.1/thumb/v7e-m+fp/hard/libgcc.a(_aeabi_uldivmod.o)
                0x0000000008000ba8                __aeabi_uldivmod
 .text          0x0000000008000bd8        0x4 /home/ben/.platformio/packages/toolchain-gccarmnoneeabi/bin/../lib/gcc/arm-none-eabi/10.3.1/thumb/v7e-m+fp/hard/libgcc.a(_dvmd_tls.o)
                0x0000000008000bd8                __aeabi_ldiv0
                0x0000000008000bd8                __aeabi_idiv0
 .text          0x0000000008000bdc       0x10 /home/ben/.platformio/packages/toolchain-gccarmnoneeabi/bin/../lib/gcc/arm-none-eabi/10.3.1/../../../../arm-none-eabi/lib/thumb/v7e-m+fp/hard/libc_nano.a(lib_a-strlen.o)
                0x0000000008000bdc                strlen
 *fill*         0x0000000008000bec        0x4 
 .text          0x0000000008000bf0       0xa0 /home/ben/.platformio/packages/toolchain-gccarmnoneeabi/bin/../lib/gcc/arm-none-eabi/10.3.1/../../../../arm-none-eabi/lib/thumb/v7e-m+fp/hard/libc_nano.a(lib_a-memchr.o)
                0x0000000008000bf0                memchr
 .text          0x0000000008000c90      0x1ac /home/ben/.platformio/packages/toolchain-gccarmnoneeabi/bin/../lib/gcc/arm-none-eabi/10.3.1/thumb/v7e-m+fp/hard/libgcc.a(libunwind.o)
                0x0000000008000c90                __restore_core_regs
                0x0000000008000c90                restore_core_regs
                0x0000000008000ca8                __gnu_Unwind_Restore_VFP
                0x0000000008000cb0                __gnu_Unwind_Save_VFP
                0x0000000008000cb8                __gnu_Unwind_Restore_VFP_D
                0x0000000008000cc0                __gnu_Unwind_Save_VFP_D
                0x0000000008000cc8                __gnu_Unwind_Restore_VFP_D_16_to_31
                0x0000000008000cd0                __gnu_Unwind_Save_VFP_D_16_to_31
                0x0000000008000cd8                __gnu_Unwind_Restore_WMMXD
                0x0000000008000d1c                __gnu_Unwind_Save_WMMXD
                0x0000000008000d60                __gnu_Unwind_Restore_WMMXC
                0x0000000008000d74                __gnu_Unwind_Save_WMMXC
                0x0000000008000d88                ___Unwind_RaiseException
                0x0000000008000d88                _Unwind_RaiseException
                0x0000000008000dac                ___Unwind_Resume
                0x0000000008000dac                _Unwind_Resume
                0x0000000008000dd0                _Unwind_Resume_or_Rethrow
                0x0000000008000dd0                ___Unwind_Resume_or_Rethrow
                0x0000000008000df4                ___Unwind_ForcedUnwind
                0x0000000008000df4                _Unwind_ForcedUnwind
                0x0000000008000e18                _Unwind_Backtrace
                0x0000000008000e18                ___Unwind_Backtrace
 *(.text*)
 .text.__do_global_dtors_aux
                0x0000000008000e3c       0x24 /home/ben/.platformio/packages/toolchain-gccarmnoneeabi/bin/../lib/gcc/arm-none-eabi/10.3.1/thumb/v7e-m+fp/hard/crtbegin.o
 .text.frame_dummy
                0x0000000008000e60       0x1c /home/ben/.platformio/packages/toolchain-gccarmnoneeabi/bin/../lib/gcc/arm-none-eabi/10.3.1/thumb/v7e-m+fp/hard/crtbegin.o
 .text.SystemClock_Config
                0x0000000008000e7c       0x9c .pio/build/blackpill_f411ce/FrameworkArduinoVariant/variant_BLACKPILL_F411CE.cpp.o
                0x0000000008000e7c                SystemClock_Config
 .text.HAL_MspInit
                0x0000000008000f18        0x2 .pio/build/blackpill_f411ce/SrcWrapper/src/HAL/stm32yyxx_hal.c.o
                0x0000000008000f18                HAL_MspInit
 *fill*         0x0000000008000f1a        0x2 
 .text.HAL_InitTick
                0x0000000008000f1c       0x48 .pio/build/blackpill_f411ce/SrcWrapper/src/HAL/stm32yyxx_hal.c.o
                0x0000000008000f1c                HAL_InitTick
 .text.HAL_Init
                0x0000000008000f64       0x34 .pio/build/blackpill_f411ce/SrcWrapper/src/HAL/stm32yyxx_hal.c.o
                0x0000000008000f64                HAL_Init
 .text.HAL_IncTick
                0x0000000008000f98       0x18 .pio/build/blackpill_f411ce/SrcWrapper/src/HAL/stm32yyxx_hal.c.o
                0x0000000008000f98                HAL_IncTick
 .text.HAL_GetTick
                0x0000000008000fb0        0xc .pio/build/blackpill_f411ce/SrcWrapper/src/HAL/stm32yyxx_hal.c.o
                0x0000000008000fb0                HAL_GetTick
 .text.HAL_Delay
                0x0000000008000fbc       0x28 .pio/build/blackpill_f411ce/SrcWrapper/src/HAL/stm32yyxx_hal.c.o
                0x0000000008000fbc                HAL_Delay
 .text.HAL_NVIC_SetPriorityGrouping
                0x0000000008000fe4       0x24 .pio/build/blackpill_f411ce/SrcWrapper/src/HAL/stm32yyxx_hal_cortex.c.o
                0x0000000008000fe4                HAL_NVIC_SetPriorityGrouping
 .text.HAL_NVIC_SetPriority
                0x0000000008001008       0x64 .pio/build/blackpill_f411ce/SrcWrapper/src/HAL/stm32yyxx_hal_cortex.c.o
                0x0000000008001008                HAL_NVIC_SetPriority
 .text.HAL_NVIC_EnableIRQ
                0x000000000800106c       0x1c .pio/build/blackpill_f411ce/SrcWrapper/src/HAL/stm32yyxx_hal_cortex.c.o
                0x000000000800106c                HAL_NVIC_EnableIRQ
 .text.HAL_NVIC_DisableIRQ
                0x0000000008001088       0x28 .pio/build/blackpill_f411ce/SrcWrapper/src/HAL/stm32yyxx_hal_cortex.c.o
                0x0000000008001088                HAL_NVIC_DisableIRQ
 .text.HAL_SYSTICK_Config
                0x00000000080010b0       0x28 .pio/build/blackpill_f411ce/SrcWrapper/src/HAL/stm32yyxx_hal_cortex.c.o
                0x00000000080010b0                HAL_SYSTICK_Config
 .text.HAL_NVIC_ClearPendingIRQ
                0x00000000080010d8       0x20 .pio/build/blackpill_f411ce/SrcWrapper/src/HAL/stm32yyxx_hal_cortex.c.o
                0x00000000080010d8                HAL_NVIC_ClearPendingIRQ
 .text.HAL_SYSTICK_Callback
                0x00000000080010f8        0x2 .pio/build/blackpill_f411ce/SrcWrapper/src/HAL/stm32yyxx_hal_cortex.c.o
                0x00000000080010f8                HAL_SYSTICK_Callback
 .text.HAL_SYSTICK_IRQHandler
                0x00000000080010fa        0x8 .pio/build/blackpill_f411ce/SrcWrapper/src/HAL/stm32yyxx_hal_cortex.c.o
                0x00000000080010fa                HAL_SYSTICK_IRQHandler
 .text.HAL_CRC_MspInit
                0x0000000008001102        0x2 .pio/build/blackpill_f411ce/SrcWrapper/src/HAL/stm32yyxx_hal_crc.c.o
                0x0000000008001102                HAL_CRC_MspInit
 .text.HAL_CRC_Init
                0x0000000008001104       0x20 .pio/build/blackpill_f411ce/SrcWrapper/src/HAL/stm32yyxx_hal_crc.c.o
                0x0000000008001104                HAL_CRC_Init
 .text.HAL_DMA_Abort
                0x0000000008001124       0x88 .pio/build/blackpill_f411ce/SrcWrapper/src/HAL/stm32yyxx_hal_dma.c.o
                0x0000000008001124                HAL_DMA_Abort
 .text.HAL_DMA_Abort_IT
                0x00000000080011ac       0x24 .pio/build/blackpill_f411ce/SrcWrapper/src/HAL/stm32yyxx_hal_dma.c.o
                0x00000000080011ac                HAL_DMA_Abort_IT
 .text.HAL_DMA_GetState
                0x00000000080011d0        0x6 .pio/build/blackpill_f411ce/SrcWrapper/src/HAL/stm32yyxx_hal_dma.c.o
                0x00000000080011d0                HAL_DMA_GetState
 *fill*         0x00000000080011d6        0x2 
 .text.HAL_GPIO_Init
                0x00000000080011d8      0x190 .pio/build/blackpill_f411ce/SrcWrapper/src/HAL/stm32yyxx_hal_gpio.c.o
                0x00000000080011d8                HAL_GPIO_Init
 .text.HAL_GPIO_EXTI_IRQHandler
                0x0000000008001368       0x18 .pio/build/blackpill_f411ce/SrcWrapper/src/HAL/stm32yyxx_hal_gpio.c.o
                0x0000000008001368                HAL_GPIO_EXTI_IRQHandler
 .text.I2C_WaitOnFlagUntilTimeout
                0x0000000008001380       0x64 .pio/build/blackpill_f411ce/SrcWrapper/src/HAL/stm32yyxx_hal_i2c.c.o
 .text.HAL_I2C_MspInit
                0x00000000080013e4        0x2 .pio/build/blackpill_f411ce/SrcWrapper/src/HAL/stm32yyxx_hal_i2c.c.o
                0x00000000080013e4                HAL_I2C_MspInit
 *fill*         0x00000000080013e6        0x2 
 .text.HAL_I2C_Init
                0x00000000080013e8      0x150 .pio/build/blackpill_f411ce/SrcWrapper/src/HAL/stm32yyxx_hal_i2c.c.o
                0x00000000080013e8                HAL_I2C_Init
 .text.HAL_I2C_IsDeviceReady
                0x0000000008001538      0x160 .pio/build/blackpill_f411ce/SrcWrapper/src/HAL/stm32yyxx_hal_i2c.c.o
                0x0000000008001538                HAL_I2C_IsDeviceReady
 .text.HAL_I2C_Master_Seq_Transmit_IT
                0x0000000008001698       0xd4 .pio/build/blackpill_f411ce/SrcWrapper/src/HAL/stm32yyxx_hal_i2c.c.o
                0x0000000008001698                HAL_I2C_Master_Seq_Transmit_IT
 .text.HAL_I2C_Master_Seq_Receive_IT
                0x000000000800176c      0x110 .pio/build/blackpill_f411ce/SrcWrapper/src/HAL/stm32yyxx_hal_i2c.c.o
                0x000000000800176c                HAL_I2C_Master_Seq_Receive_IT
 .text.HAL_I2C_Slave_Seq_Transmit_IT
                0x000000000800187c       0x76 .pio/build/blackpill_f411ce/SrcWrapper/src/HAL/stm32yyxx_hal_i2c.c.o
                0x000000000800187c                HAL_I2C_Slave_Seq_Transmit_IT
 .text.HAL_I2C_Slave_Seq_Receive_IT
                0x00000000080018f2       0x76 .pio/build/blackpill_f411ce/SrcWrapper/src/HAL/stm32yyxx_hal_i2c.c.o
                0x00000000080018f2                HAL_I2C_Slave_Seq_Receive_IT
 .text.HAL_I2C_EnableListen_IT
                0x0000000008001968       0x36 .pio/build/blackpill_f411ce/SrcWrapper/src/HAL/stm32yyxx_hal_i2c.c.o
                0x0000000008001968                HAL_I2C_EnableListen_IT
 .text.HAL_I2C_MasterTxCpltCallback
                0x000000000800199e        0x2 .pio/build/blackpill_f411ce/SrcWrapper/src/HAL/stm32yyxx_hal_i2c.c.o
                0x000000000800199e                HAL_I2C_MasterTxCpltCallback
 .text.HAL_I2C_MasterRxCpltCallback
                0x00000000080019a0        0x2 .pio/build/blackpill_f411ce/SrcWrapper/src/HAL/stm32yyxx_hal_i2c.c.o
                0x00000000080019a0                HAL_I2C_MasterRxCpltCallback
 .text.HAL_I2C_MemTxCpltCallback
                0x00000000080019a2        0x2 .pio/build/blackpill_f411ce/SrcWrapper/src/HAL/stm32yyxx_hal_i2c.c.o
                0x00000000080019a2                HAL_I2C_MemTxCpltCallback
 .text.I2C_MemoryTransmit_TXE_BTF
                0x00000000080019a4       0xa2 .pio/build/blackpill_f411ce/SrcWrapper/src/HAL/stm32yyxx_hal_i2c.c.o
 .text.HAL_I2C_MemRxCpltCallback
                0x0000000008001a46        0x2 .pio/build/blackpill_f411ce/SrcWrapper/src/HAL/stm32yyxx_hal_i2c.c.o
                0x0000000008001a46                HAL_I2C_MemRxCpltCallback
 .text.HAL_I2C_AbortCpltCallback
                0x0000000008001a48        0x2 .pio/build/blackpill_f411ce/SrcWrapper/src/HAL/stm32yyxx_hal_i2c.c.o
                0x0000000008001a48                HAL_I2C_AbortCpltCallback
 *fill*         0x0000000008001a4a        0x2 
 .text.I2C_DMAAbort
                0x0000000008001a4c       0xc0 .pio/build/blackpill_f411ce/SrcWrapper/src/HAL/stm32yyxx_hal_i2c.c.o
 .text.I2C_ITError
                0x0000000008001b0c      0x150 .pio/build/blackpill_f411ce/SrcWrapper/src/HAL/stm32yyxx_hal_i2c.c.o
 .text.HAL_I2C_EV_IRQHandler
                0x0000000008001c5c      0x868 .pio/build/blackpill_f411ce/SrcWrapper/src/HAL/stm32yyxx_hal_i2c.c.o
                0x0000000008001c5c                HAL_I2C_EV_IRQHandler
 .text.HAL_I2C_ER_IRQHandler
                0x00000000080024c4      0x134 .pio/build/blackpill_f411ce/SrcWrapper/src/HAL/stm32yyxx_hal_i2c.c.o
                0x00000000080024c4                HAL_I2C_ER_IRQHandler
 .text.HAL_I2C_GetState
                0x00000000080025f8        0x6 .pio/build/blackpill_f411ce/SrcWrapper/src/HAL/stm32yyxx_hal_i2c.c.o
                0x00000000080025f8                HAL_I2C_GetState
 .text.HAL_I2C_GetError
                0x00000000080025fe        0x4 .pio/build/blackpill_f411ce/SrcWrapper/src/HAL/stm32yyxx_hal_i2c.c.o
                0x00000000080025fe                HAL_I2C_GetError
 .text.HAL_PCD_Init
                0x0000000008002602      0x10a .pio/build/blackpill_f411ce/SrcWrapper/src/HAL/stm32yyxx_hal_pcd.c.o
                0x0000000008002602                HAL_PCD_Init
 .text.HAL_PCD_Start
                0x000000000800270c       0x3e .pio/build/blackpill_f411ce/SrcWrapper/src/HAL/stm32yyxx_hal_pcd.c.o
                0x000000000800270c                HAL_PCD_Start
 .text.HAL_PCD_SetAddress
                0x000000000800274a       0x28 .pio/build/blackpill_f411ce/SrcWrapper/src/HAL/stm32yyxx_hal_pcd.c.o
                0x000000000800274a                HAL_PCD_SetAddress
 .text.HAL_PCD_EP_Open
                0x0000000008002772       0x70 .pio/build/blackpill_f411ce/SrcWrapper/src/HAL/stm32yyxx_hal_pcd.c.o
                0x0000000008002772                HAL_PCD_EP_Open
 .text.HAL_PCD_EP_Close
                0x00000000080027e2       0x5e .pio/build/blackpill_f411ce/SrcWrapper/src/HAL/stm32yyxx_hal_pcd.c.o
                0x00000000080027e2                HAL_PCD_EP_Close
 .text.HAL_PCD_EP_Receive
                0x0000000008002840       0x48 .pio/build/blackpill_f411ce/SrcWrapper/src/HAL/stm32yyxx_hal_pcd.c.o
                0x0000000008002840                HAL_PCD_EP_Receive
 .text.HAL_PCD_EP_GetRxCount
                0x0000000008002888       0x10 .pio/build/blackpill_f411ce/SrcWrapper/src/HAL/stm32yyxx_hal_pcd.c.o
                0x0000000008002888                HAL_PCD_EP_GetRxCount
 .text.HAL_PCD_EP_Transmit
                0x0000000008002898       0x40 .pio/build/blackpill_f411ce/SrcWrapper/src/HAL/stm32yyxx_hal_pcd.c.o
                0x0000000008002898                HAL_PCD_EP_Transmit
 .text.HAL_PCD_EP_SetStall
                0x00000000080028d8       0x70 .pio/build/blackpill_f411ce/SrcWrapper/src/HAL/stm32yyxx_hal_pcd.c.o
                0x00000000080028d8                HAL_PCD_EP_SetStall
 .text.HAL_PCD_EP_ClrStall
                0x0000000008002948       0x6c .pio/build/blackpill_f411ce/SrcWrapper/src/HAL/stm32yyxx_hal_pcd.c.o
                0x0000000008002948                HAL_PCD_EP_ClrStall
 .text.HAL_PCD_EP_Abort
                0x00000000080029b4       0x20 .pio/build/blackpill_f411ce/SrcWrapper/src/HAL/stm32yyxx_hal_pcd.c.o
                0x00000000080029b4                HAL_PCD_EP_Abort
 .text.HAL_PCD_IRQHandler
                0x00000000080029d4      0x68c .pio/build/blackpill_f411ce/SrcWrapper/src/HAL/stm32yyxx_hal_pcd.c.o
                0x00000000080029d4                HAL_PCD_IRQHandler
 .text.HAL_PCDEx_SetTxFiFo
                0x0000000008003060       0x40 .pio/build/blackpill_f411ce/SrcWrapper/src/HAL/stm32yyxx_hal_pcd_ex.c.o
                0x0000000008003060                HAL_PCDEx_SetTxFiFo
 .text.HAL_PCDEx_SetRxFiFo
                0x00000000080030a0        0x8 .pio/build/blackpill_f411ce/SrcWrapper/src/HAL/stm32yyxx_hal_pcd_ex.c.o
                0x00000000080030a0                HAL_PCDEx_SetRxFiFo
 .text.HAL_PCDEx_LPM_Callback
                0x00000000080030a8        0x2 .pio/build/blackpill_f411ce/SrcWrapper/src/HAL/stm32yyxx_hal_pcd_ex.c.o
                0x00000000080030a8                HAL_PCDEx_LPM_Callback
 *fill*         0x00000000080030aa        0x2 
 .text.HAL_RCC_OscConfig
                0x00000000080030ac      0x360 .pio/build/blackpill_f411ce/SrcWrapper/src/HAL/stm32yyxx_hal_rcc.c.o
                0x00000000080030ac                HAL_RCC_OscConfig
 .text.HAL_RCC_GetSysClockFreq
                0x000000000800340c       0x5c .pio/build/blackpill_f411ce/SrcWrapper/src/HAL/stm32yyxx_hal_rcc.c.o
                0x000000000800340c                HAL_RCC_GetSysClockFreq
 .text.HAL_RCC_ClockConfig
                0x0000000008003468      0x138 .pio/build/blackpill_f411ce/SrcWrapper/src/HAL/stm32yyxx_hal_rcc.c.o
                0x0000000008003468                HAL_RCC_ClockConfig
 .text.HAL_RCC_GetHCLKFreq
                0x00000000080035a0        0xc .pio/build/blackpill_f411ce/SrcWrapper/src/HAL/stm32yyxx_hal_rcc.c.o
                0x00000000080035a0                HAL_RCC_GetHCLKFreq
 .text.HAL_RCC_GetPCLK1Freq
                0x00000000080035ac       0x20 .pio/build/blackpill_f411ce/SrcWrapper/src/HAL/stm32yyxx_hal_rcc.c.o
                0x00000000080035ac                HAL_RCC_GetPCLK1Freq
 .text.HAL_RCC_GetPCLK2Freq
                0x00000000080035cc       0x20 .pio/build/blackpill_f411ce/SrcWrapper/src/HAL/stm32yyxx_hal_rcc.c.o
                0x00000000080035cc                HAL_RCC_GetPCLK2Freq
 .text.HAL_SPI_MspInit
                0x00000000080035ec        0x2 .pio/build/blackpill_f411ce/SrcWrapper/src/HAL/stm32yyxx_hal_spi.c.o
                0x00000000080035ec                HAL_SPI_MspInit
 .text.HAL_SPI_Init
                0x00000000080035ee       0xb8 .pio/build/blackpill_f411ce/SrcWrapper/src/HAL/stm32yyxx_hal_spi.c.o
                0x00000000080035ee                HAL_SPI_Init
 .text.HAL_TIM_PWM_PulseFinishedCallback
                0x00000000080036a6        0x2 .pio/build/blackpill_f411ce/SrcWrapper/src/HAL/stm32yyxx_hal_tim.c.o
                0x00000000080036a6                HAL_TIM_PWM_PulseFinishedCallback
 .text.HAL_TIM_TriggerCallback
                0x00000000080036a8        0x2 .pio/build/blackpill_f411ce/SrcWrapper/src/HAL/stm32yyxx_hal_tim.c.o
                0x00000000080036a8                HAL_TIM_TriggerCallback
 .text.HAL_TIM_IRQHandler
                0x00000000080036aa      0x144 .pio/build/blackpill_f411ce/SrcWrapper/src/HAL/stm32yyxx_hal_tim.c.o
                0x00000000080036aa                HAL_TIM_IRQHandler
 *fill*         0x00000000080037ee        0x2 
 .text.TIM_Base_SetConfig
                0x00000000080037f0       0x9c .pio/build/blackpill_f411ce/SrcWrapper/src/HAL/stm32yyxx_hal_tim.c.o
                0x00000000080037f0                TIM_Base_SetConfig
 .text.HAL_TIM_Base_Init
                0x000000000800388c       0x58 .pio/build/blackpill_f411ce/SrcWrapper/src/HAL/stm32yyxx_hal_tim.c.o
                0x000000000800388c                HAL_TIM_Base_Init
 .text.HAL_TIMEx_CommutCallback
                0x00000000080038e4        0x2 .pio/build/blackpill_f411ce/SrcWrapper/src/HAL/stm32yyxx_hal_tim_ex.c.o
                0x00000000080038e4                HAL_TIMEx_CommutCallback
 .text.HAL_TIMEx_BreakCallback
                0x00000000080038e6        0x2 .pio/build/blackpill_f411ce/SrcWrapper/src/HAL/stm32yyxx_hal_tim_ex.c.o
                0x00000000080038e6                HAL_TIMEx_BreakCallback
 .text.UART_EndRxTransfer
                0x00000000080038e8       0x5c .pio/build/blackpill_f411ce/SrcWrapper/src/HAL/stm32yyxx_hal_uart.c.o
 .text.UART_SetConfig
                0x0000000008003944       0xbc .pio/build/blackpill_f411ce/SrcWrapper/src/HAL/stm32yyxx_hal_uart.c.o
 .text.UART_WaitOnFlagUntilTimeout.constprop.0
                0x0000000008003a00       0x6c .pio/build/blackpill_f411ce/SrcWrapper/src/HAL/stm32yyxx_hal_uart.c.o
 .text.HAL_UART_MspInit
                0x0000000008003a6c        0x2 .pio/build/blackpill_f411ce/SrcWrapper/src/HAL/stm32yyxx_hal_uart.c.o
                0x0000000008003a6c                HAL_UART_MspInit
 .text.HAL_UART_Init
                0x0000000008003a6e       0x5c .pio/build/blackpill_f411ce/SrcWrapper/src/HAL/stm32yyxx_hal_uart.c.o
                0x0000000008003a6e                HAL_UART_Init
 .text.HAL_HalfDuplex_Init
                0x0000000008003aca       0x64 .pio/build/blackpill_f411ce/SrcWrapper/src/HAL/stm32yyxx_hal_uart.c.o
                0x0000000008003aca                HAL_HalfDuplex_Init
 .text.HAL_UART_Transmit
                0x0000000008003b2e       0xaa .pio/build/blackpill_f411ce/SrcWrapper/src/HAL/stm32yyxx_hal_uart.c.o
                0x0000000008003b2e                HAL_UART_Transmit
 .text.HAL_UART_Transmit_IT
                0x0000000008003bd8       0x3e .pio/build/blackpill_f411ce/SrcWrapper/src/HAL/stm32yyxx_hal_uart.c.o
                0x0000000008003bd8                HAL_UART_Transmit_IT
 .text.UART_DMAAbortOnError
                0x0000000008003c16       0x10 .pio/build/blackpill_f411ce/SrcWrapper/src/HAL/stm32yyxx_hal_uart.c.o
 .text.HAL_UARTEx_RxEventCallback
                0x0000000008003c26        0x2 .pio/build/blackpill_f411ce/SrcWrapper/src/HAL/stm32yyxx_hal_uart.c.o
                0x0000000008003c26                HAL_UARTEx_RxEventCallback
 .text.UART_Receive_IT.part.0.isra.0
                0x0000000008003c28       0xac .pio/build/blackpill_f411ce/SrcWrapper/src/HAL/stm32yyxx_hal_uart.c.o
 .text.HAL_UART_IRQHandler
                0x0000000008003cd4      0x2a0 .pio/build/blackpill_f411ce/SrcWrapper/src/HAL/stm32yyxx_hal_uart.c.o
                0x0000000008003cd4                HAL_UART_IRQHandler
 .text.HAL_HalfDuplex_EnableTransmitter
                0x0000000008003f74       0x30 .pio/build/blackpill_f411ce/SrcWrapper/src/HAL/stm32yyxx_hal_uart.c.o
                0x0000000008003f74                HAL_HalfDuplex_EnableTransmitter
 .text.HAL_HalfDuplex_EnableReceiver
                0x0000000008003fa4       0x30 .pio/build/blackpill_f411ce/SrcWrapper/src/HAL/stm32yyxx_hal_uart.c.o
                0x0000000008003fa4                HAL_HalfDuplex_EnableReceiver
 .text.HAL_UART_GetState
                0x0000000008003fd4        0xc .pio/build/blackpill_f411ce/SrcWrapper/src/HAL/stm32yyxx_hal_uart.c.o
                0x0000000008003fd4                HAL_UART_GetState
 .text.UART_Start_Receive_IT
                0x0000000008003fe0       0x36 .pio/build/blackpill_f411ce/SrcWrapper/src/HAL/stm32yyxx_hal_uart.c.o
                0x0000000008003fe0                UART_Start_Receive_IT
 .text.HAL_UART_Receive_IT
                0x0000000008004016       0x30 .pio/build/blackpill_f411ce/SrcWrapper/src/HAL/stm32yyxx_hal_uart.c.o
                0x0000000008004016                HAL_UART_Receive_IT
 .text._ZNSt8functionIFvvEEaSEDn.isra.0
                0x0000000008004046       0x16 .pio/build/blackpill_f411ce/SrcWrapper/src/HardwareTimer.cpp.o
 .text._ZNSt14_Function_baseD2Ev
                0x000000000800405c       0x12 .pio/build/blackpill_f411ce/SrcWrapper/src/HardwareTimer.cpp.o
                0x000000000800405c                std::_Function_base::~_Function_base()
                0x000000000800405c                std::_Function_base::~_Function_base()
 *fill*         0x000000000800406e        0x2 
 .text._Z15get_timer_indexP11TIM_TypeDef
                0x0000000008004070       0x6c .pio/build/blackpill_f411ce/SrcWrapper/src/HardwareTimer.cpp.o
                0x0000000008004070                get_timer_index(TIM_TypeDef*)
 .text._ZN13HardwareTimerD2Ev
                0x00000000080040dc       0x40 .pio/build/blackpill_f411ce/SrcWrapper/src/HardwareTimer.cpp.o
                0x00000000080040dc                HardwareTimer::~HardwareTimer()
                0x00000000080040dc                HardwareTimer::~HardwareTimer()
 .text._ZN13HardwareTimer5setupEP11TIM_TypeDef
                0x000000000800411c       0x90 .pio/build/blackpill_f411ce/SrcWrapper/src/HardwareTimer.cpp.o
                0x000000000800411c                HardwareTimer::setup(TIM_TypeDef*)
 .text._ZN13HardwareTimerC2EP11TIM_TypeDef
                0x00000000080041ac       0x20 .pio/build/blackpill_f411ce/SrcWrapper/src/HardwareTimer.cpp.o
                0x00000000080041ac                HardwareTimer::HardwareTimer(TIM_TypeDef*)
                0x00000000080041ac                HardwareTimer::HardwareTimer(TIM_TypeDef*)
 .text.TIM1_UP_TIM10_IRQHandler
                0x00000000080041cc       0x24 .pio/build/blackpill_f411ce/SrcWrapper/src/HardwareTimer.cpp.o
                0x00000000080041cc                TIM1_UP_TIM10_IRQHandler
 .text.TIM1_CC_IRQHandler
                0x00000000080041f0       0x14 .pio/build/blackpill_f411ce/SrcWrapper/src/HardwareTimer.cpp.o
                0x00000000080041f0                TIM1_CC_IRQHandler
 .text.TIM2_IRQHandler
                0x0000000008004204       0x14 .pio/build/blackpill_f411ce/SrcWrapper/src/HardwareTimer.cpp.o
                0x0000000008004204                TIM2_IRQHandler
 .text.TIM3_IRQHandler
                0x0000000008004218       0x14 .pio/build/blackpill_f411ce/SrcWrapper/src/HardwareTimer.cpp.o
                0x0000000008004218                TIM3_IRQHandler
 .text.TIM4_IRQHandler
                0x000000000800422c       0x14 .pio/build/blackpill_f411ce/SrcWrapper/src/HardwareTimer.cpp.o
                0x000000000800422c                TIM4_IRQHandler
 .text.TIM5_IRQHandler
                0x0000000008004240       0x14 .pio/build/blackpill_f411ce/SrcWrapper/src/HardwareTimer.cpp.o
                0x0000000008004240                TIM5_IRQHandler
 .text.TIM1_BRK_TIM9_IRQHandler
                0x0000000008004254       0x14 .pio/build/blackpill_f411ce/SrcWrapper/src/HardwareTimer.cpp.o
                0x0000000008004254                TIM1_BRK_TIM9_IRQHandler
 .text.TIM1_TRG_COM_TIM11_IRQHandler
                0x0000000008004268       0x14 .pio/build/blackpill_f411ce/SrcWrapper/src/HardwareTimer.cpp.o
                0x0000000008004268                TIM1_TRG_COM_TIM11_IRQHandler
 .text._ZNSt8functionIFvvEEC2ERKS1_
                0x000000000800427c       0x1e .pio/build/blackpill_f411ce/SrcWrapper/src/HardwareTimer.cpp.o
                0x000000000800427c                std::function<void ()>::function(std::function<void ()> const&)
                0x000000000800427c                std::function<void ()>::function(std::function<void ()> const&)
 .text._ZNKSt8functionIFvvEEclEv
                0x000000000800429a       0x12 .pio/build/blackpill_f411ce/SrcWrapper/src/HardwareTimer.cpp.o
                0x000000000800429a                std::function<void ()>::operator()() const
 .text._ZN13HardwareTimer14updateCallbackEP17TIM_HandleTypeDef
                0x00000000080042ac       0x18 .pio/build/blackpill_f411ce/SrcWrapper/src/HardwareTimer.cpp.o
                0x00000000080042ac                HardwareTimer::updateCallback(TIM_HandleTypeDef*)
 .text.HAL_TIM_PeriodElapsedCallback
                0x00000000080042c4        0x4 .pio/build/blackpill_f411ce/SrcWrapper/src/HardwareTimer.cpp.o
                0x00000000080042c4                HAL_TIM_PeriodElapsedCallback
 .text._ZN13HardwareTimer22captureCompareCallbackEP17TIM_HandleTypeDef
                0x00000000080042c8       0x3e .pio/build/blackpill_f411ce/SrcWrapper/src/HardwareTimer.cpp.o
                0x00000000080042c8                HardwareTimer::captureCompareCallback(TIM_HandleTypeDef*)
 .text.HAL_TIM_OC_DelayElapsedCallback
                0x0000000008004306        0x4 .pio/build/blackpill_f411ce/SrcWrapper/src/HardwareTimer.cpp.o
                0x0000000008004306                HAL_TIM_OC_DelayElapsedCallback
 .text.HAL_TIM_IC_CaptureCallback
                0x000000000800430a        0x4 .pio/build/blackpill_f411ce/SrcWrapper/src/HardwareTimer.cpp.o
                0x000000000800430a                HAL_TIM_IC_CaptureCallback
 *fill*         0x000000000800430e        0x2 
 .text.USB_CoreReset
                0x0000000008004310       0x4c .pio/build/blackpill_f411ce/SrcWrapper/src/LL/stm32yyxx_ll_usb.c.o
 .text.USB_CoreInit
                0x000000000800435c       0x80 .pio/build/blackpill_f411ce/SrcWrapper/src/LL/stm32yyxx_ll_usb.c.o
                0x000000000800435c                USB_CoreInit
 .text.USB_SetTurnaroundTime
                0x00000000080043dc       0xe0 .pio/build/blackpill_f411ce/SrcWrapper/src/LL/stm32yyxx_ll_usb.c.o
                0x00000000080043dc                USB_SetTurnaroundTime
 .text.USB_EnableGlobalInt
                0x00000000080044bc        0xc .pio/build/blackpill_f411ce/SrcWrapper/src/LL/stm32yyxx_ll_usb.c.o
                0x00000000080044bc                USB_EnableGlobalInt
 .text.USB_DisableGlobalInt
                0x00000000080044c8        0xc .pio/build/blackpill_f411ce/SrcWrapper/src/LL/stm32yyxx_ll_usb.c.o
                0x00000000080044c8                USB_DisableGlobalInt
 .text.USB_SetCurrentMode
                0x00000000080044d4       0x60 .pio/build/blackpill_f411ce/SrcWrapper/src/LL/stm32yyxx_ll_usb.c.o
                0x00000000080044d4                USB_SetCurrentMode
 .text.USB_FlushTxFifo
                0x0000000008004534       0x4c .pio/build/blackpill_f411ce/SrcWrapper/src/LL/stm32yyxx_ll_usb.c.o
                0x0000000008004534                USB_FlushTxFifo
 .text.USB_FlushRxFifo
                0x0000000008004580       0x48 .pio/build/blackpill_f411ce/SrcWrapper/src/LL/stm32yyxx_ll_usb.c.o
                0x0000000008004580                USB_FlushRxFifo
 .text.USB_SetDevSpeed
                0x00000000080045c8        0xe .pio/build/blackpill_f411ce/SrcWrapper/src/LL/stm32yyxx_ll_usb.c.o
                0x00000000080045c8                USB_SetDevSpeed
 *fill*         0x00000000080045d6        0x2 
 .text.USB_DevInit
                0x00000000080045d8      0x170 .pio/build/blackpill_f411ce/SrcWrapper/src/LL/stm32yyxx_ll_usb.c.o
                0x00000000080045d8                USB_DevInit
 .text.USB_GetDevSpeed
                0x0000000008004748       0x16 .pio/build/blackpill_f411ce/SrcWrapper/src/LL/stm32yyxx_ll_usb.c.o
                0x0000000008004748                USB_GetDevSpeed
 .text.USB_ActivateEndpoint
                0x000000000800475e       0x7c .pio/build/blackpill_f411ce/SrcWrapper/src/LL/stm32yyxx_ll_usb.c.o
                0x000000000800475e                USB_ActivateEndpoint
 *fill*         0x00000000080047da        0x2 
 .text.USB_DeactivateEndpoint
                0x00000000080047dc       0xac .pio/build/blackpill_f411ce/SrcWrapper/src/LL/stm32yyxx_ll_usb.c.o
                0x00000000080047dc                USB_DeactivateEndpoint
 .text.USB_EP0StartXfer
                0x0000000008004888       0xf8 .pio/build/blackpill_f411ce/SrcWrapper/src/LL/stm32yyxx_ll_usb.c.o
                0x0000000008004888                USB_EP0StartXfer
 .text.USB_EPStopXfer
                0x0000000008004980       0x84 .pio/build/blackpill_f411ce/SrcWrapper/src/LL/stm32yyxx_ll_usb.c.o
                0x0000000008004980                USB_EPStopXfer
 .text.USB_WritePacket
                0x0000000008004a04       0x26 .pio/build/blackpill_f411ce/SrcWrapper/src/LL/stm32yyxx_ll_usb.c.o
                0x0000000008004a04                USB_WritePacket
 *fill*         0x0000000008004a2a        0x2 
 .text.USB_EPStartXfer
                0x0000000008004a2c      0x1d8 .pio/build/blackpill_f411ce/SrcWrapper/src/LL/stm32yyxx_ll_usb.c.o
                0x0000000008004a2c                USB_EPStartXfer
 .text.USB_ReadPacket
                0x0000000008004c04       0x40 .pio/build/blackpill_f411ce/SrcWrapper/src/LL/stm32yyxx_ll_usb.c.o
                0x0000000008004c04                USB_ReadPacket
 .text.USB_EPSetStall
                0x0000000008004c44       0x56 .pio/build/blackpill_f411ce/SrcWrapper/src/LL/stm32yyxx_ll_usb.c.o
                0x0000000008004c44                USB_EPSetStall
 .text.USB_EPClearStall
                0x0000000008004c9a       0x52 .pio/build/blackpill_f411ce/SrcWrapper/src/LL/stm32yyxx_ll_usb.c.o
                0x0000000008004c9a                USB_EPClearStall
 .text.USB_SetDevAddress
                0x0000000008004cec       0x20 .pio/build/blackpill_f411ce/SrcWrapper/src/LL/stm32yyxx_ll_usb.c.o
                0x0000000008004cec                USB_SetDevAddress
 .text.USB_DevConnect
                0x0000000008004d0c       0x1c .pio/build/blackpill_f411ce/SrcWrapper/src/LL/stm32yyxx_ll_usb.c.o
                0x0000000008004d0c                USB_DevConnect
 .text.USB_DevDisconnect
                0x0000000008004d28       0x1c .pio/build/blackpill_f411ce/SrcWrapper/src/LL/stm32yyxx_ll_usb.c.o
                0x0000000008004d28                USB_DevDisconnect
 .text.USB_ReadInterrupts
                0x0000000008004d44        0x8 .pio/build/blackpill_f411ce/SrcWrapper/src/LL/stm32yyxx_ll_usb.c.o
                0x0000000008004d44                USB_ReadInterrupts
 .text.USB_ReadDevAllOutEpInterrupt
                0x0000000008004d4c       0x10 .pio/build/blackpill_f411ce/SrcWrapper/src/LL/stm32yyxx_ll_usb.c.o
                0x0000000008004d4c                USB_ReadDevAllOutEpInterrupt
 .text.USB_ReadDevAllInEpInterrupt
                0x0000000008004d5c       0x10 .pio/build/blackpill_f411ce/SrcWrapper/src/LL/stm32yyxx_ll_usb.c.o
                0x0000000008004d5c                USB_ReadDevAllInEpInterrupt
 .text.USB_ReadDevOutEPInterrupt
                0x0000000008004d6c       0x12 .pio/build/blackpill_f411ce/SrcWrapper/src/LL/stm32yyxx_ll_usb.c.o
                0x0000000008004d6c                USB_ReadDevOutEPInterrupt
 .text.USB_ReadDevInEPInterrupt
                0x0000000008004d7e       0x24 .pio/build/blackpill_f411ce/SrcWrapper/src/LL/stm32yyxx_ll_usb.c.o
                0x0000000008004d7e                USB_ReadDevInEPInterrupt
 .text.USB_GetMode
                0x0000000008004da2        0x8 .pio/build/blackpill_f411ce/SrcWrapper/src/LL/stm32yyxx_ll_usb.c.o
                0x0000000008004da2                USB_GetMode
 .text.USB_ActivateSetup
                0x0000000008004daa       0x20 .pio/build/blackpill_f411ce/SrcWrapper/src/LL/stm32yyxx_ll_usb.c.o
                0x0000000008004daa                USB_ActivateSetup
 *fill*         0x0000000008004dca        0x2 
 .text.USB_EP0_OutStart
                0x0000000008004dcc       0x4c .pio/build/blackpill_f411ce/SrcWrapper/src/LL/stm32yyxx_ll_usb.c.o
                0x0000000008004dcc                USB_EP0_OutStart
 .text._Znwj    0x0000000008004e18        0x4 .pio/build/blackpill_f411ce/SrcWrapper/src/new.cpp.o
                0x0000000008004e18                operator new(unsigned int)
 .text._ZdlPvj  0x0000000008004e1c        0x4 .pio/build/blackpill_f411ce/SrcWrapper/src/new.cpp.o
                0x0000000008004e1c                operator delete(void*, unsigned int)
 .text.set_GPIO_Port_Clock
                0x0000000008004e20       0xd0 .pio/build/blackpill_f411ce/SrcWrapper/src/stm32/PortNames.c.o
                0x0000000008004e20                set_GPIO_Port_Clock
 .text.pwm_stop
                0x0000000008004ef0       0x60 .pio/build/blackpill_f411ce/SrcWrapper/src/stm32/analog.cpp.o
                0x0000000008004ef0                pwm_stop
 .text.getCurrentMicros
                0x0000000008004f50       0x48 .pio/build/blackpill_f411ce/SrcWrapper/src/stm32/clock.c.o
                0x0000000008004f50                getCurrentMicros
 .text.getCurrentMillis
                0x0000000008004f98        0x4 .pio/build/blackpill_f411ce/SrcWrapper/src/stm32/clock.c.o
                0x0000000008004f98                getCurrentMillis
 .text.noOsSystickHandler
                0x0000000008004f9c        0x2 .pio/build/blackpill_f411ce/SrcWrapper/src/stm32/clock.c.o
                0x0000000008004f9c                noOsSystickHandler
                0x0000000008004f9c                osSystickHandler
 .text.SysTick_Handler
                0x0000000008004f9e       0x10 .pio/build/blackpill_f411ce/SrcWrapper/src/stm32/clock.c.o
                0x0000000008004f9e                SysTick_Handler
 .text.configHSECapacitorTuning
                0x0000000008004fae        0x2 .pio/build/blackpill_f411ce/SrcWrapper/src/stm32/clock.c.o
                0x0000000008004fae                configHSECapacitorTuning
 .text.configIPClock
                0x0000000008004fb0       0x4c .pio/build/blackpill_f411ce/SrcWrapper/src/stm32/clock.c.o
                0x0000000008004fb0                configIPClock
 .text.dwt_init
                0x0000000008004ffc       0x3c .pio/build/blackpill_f411ce/SrcWrapper/src/stm32/dwt.c.o
                0x0000000008004ffc                dwt_init
 .text.hw_config_init
                0x0000000008005038       0x28 .pio/build/blackpill_f411ce/SrcWrapper/src/stm32/hw_config.c.o
                0x0000000008005038                hw_config_init
 .text._ZNSt17_Function_handlerIFvvEPS0_E10_M_managerERSt9_Any_dataRKS3_St18_Manager_operation
                0x0000000008005060       0x14 .pio/build/blackpill_f411ce/SrcWrapper/src/stm32/interrupt.cpp.o
                0x0000000008005060                std::_Function_handler<void (), void (*)()>::_M_manager(std::_Any_data&, std::_Any_data const&, std::_Manager_operation)
 .text._ZNSt17_Function_handlerIFvvEPS0_E9_M_invokeERKSt9_Any_data
                0x0000000008005074        0x4 .pio/build/blackpill_f411ce/SrcWrapper/src/stm32/interrupt.cpp.o
                0x0000000008005074                std::_Function_handler<void (), void (*)()>::_M_invoke(std::_Any_data const&)
 .text.HAL_GPIO_EXTI_Callback
                0x0000000008005078       0x2c .pio/build/blackpill_f411ce/SrcWrapper/src/stm32/interrupt.cpp.o
                0x0000000008005078                HAL_GPIO_EXTI_Callback
 .text.EXTI0_IRQHandler
                0x00000000080050a4        0x6 .pio/build/blackpill_f411ce/SrcWrapper/src/stm32/interrupt.cpp.o
                0x00000000080050a4                EXTI0_IRQHandler
 .text.EXTI1_IRQHandler
                0x00000000080050aa        0x6 .pio/build/blackpill_f411ce/SrcWrapper/src/stm32/interrupt.cpp.o
                0x00000000080050aa                EXTI1_IRQHandler
 .text.EXTI2_IRQHandler
                0x00000000080050b0        0x6 .pio/build/blackpill_f411ce/SrcWrapper/src/stm32/interrupt.cpp.o
                0x00000000080050b0                EXTI2_IRQHandler
 .text.EXTI3_IRQHandler
                0x00000000080050b6        0x6 .pio/build/blackpill_f411ce/SrcWrapper/src/stm32/interrupt.cpp.o
                0x00000000080050b6                EXTI3_IRQHandler
 .text.EXTI4_IRQHandler
                0x00000000080050bc        0x6 .pio/build/blackpill_f411ce/SrcWrapper/src/stm32/interrupt.cpp.o
                0x00000000080050bc                EXTI4_IRQHandler
 .text.EXTI9_5_IRQHandler
                0x00000000080050c2       0x16 .pio/build/blackpill_f411ce/SrcWrapper/src/stm32/interrupt.cpp.o
                0x00000000080050c2                EXTI9_5_IRQHandler
 .text.EXTI15_10_IRQHandler
                0x00000000080050d8       0x18 .pio/build/blackpill_f411ce/SrcWrapper/src/stm32/interrupt.cpp.o
                0x00000000080050d8                EXTI15_10_IRQHandler
 .text._Z22stm32_interrupt_enableP12GPIO_TypeDeftSt8functionIFvvEEm
                0x00000000080050f0       0xa8 .pio/build/blackpill_f411ce/SrcWrapper/src/stm32/interrupt.cpp.o
                0x00000000080050f0                stm32_interrupt_enable(GPIO_TypeDef*, unsigned short, std::function<void ()>, unsigned long)
 .text.startup._GLOBAL__sub_I__Z22stm32_interrupt_enableP12GPIO_TypeDeftSt8functionIFvvEEm
                0x0000000008005198       0x88 .pio/build/blackpill_f411ce/SrcWrapper/src/stm32/interrupt.cpp.o
 .text.exit._GLOBAL__sub_D__Z22stm32_interrupt_enableP12GPIO_TypeDeftSt8functionIFvvEEm
                0x0000000008005220       0x1c .pio/build/blackpill_f411ce/SrcWrapper/src/stm32/interrupt.cpp.o
 .text.LL_GPIO_SetPinPull
                0x000000000800523c       0x2a .pio/build/blackpill_f411ce/SrcWrapper/src/stm32/pinmap.c.o
 .text.pin_in_pinmap
                0x0000000008005266       0x1e .pio/build/blackpill_f411ce/SrcWrapper/src/stm32/pinmap.c.o
                0x0000000008005266                pin_in_pinmap
 .text.pin_function
                0x0000000008005284      0x110 .pio/build/blackpill_f411ce/SrcWrapper/src/stm32/pinmap.c.o
                0x0000000008005284                pin_function
 .text.pinmap_pinout
                0x0000000008005394       0x1a .pio/build/blackpill_f411ce/SrcWrapper/src/stm32/pinmap.c.o
                0x0000000008005394                pinmap_pinout
 .text.pinmap_find_peripheral
                0x00000000080053ae       0x16 .pio/build/blackpill_f411ce/SrcWrapper/src/stm32/pinmap.c.o
                0x00000000080053ae                pinmap_find_peripheral
 .text.pinmap_peripheral
                0x00000000080053c4        0xc .pio/build/blackpill_f411ce/SrcWrapper/src/stm32/pinmap.c.o
                0x00000000080053c4                pinmap_peripheral
 .text.pinmap_find_pin
                0x00000000080053d0       0x16 .pio/build/blackpill_f411ce/SrcWrapper/src/stm32/pinmap.c.o
                0x00000000080053d0                pinmap_find_pin
 .text.pinmap_pin
                0x00000000080053e6        0xc .pio/build/blackpill_f411ce/SrcWrapper/src/stm32/pinmap.c.o
                0x00000000080053e6                pinmap_pin
 .text.pinmap_merge_peripheral
                0x00000000080053f2       0x12 .pio/build/blackpill_f411ce/SrcWrapper/src/stm32/pinmap.c.o
                0x00000000080053f2                pinmap_merge_peripheral
 .text.SystemInit
                0x0000000008005404       0x50 .pio/build/blackpill_f411ce/SrcWrapper/src/stm32/system_stm32yyxx.c.o
                0x0000000008005404                SystemInit
 .text.get_timer_obj
                0x0000000008005454        0x4 .pio/build/blackpill_f411ce/SrcWrapper/src/stm32/timer.c.o
                0x0000000008005454                get_timer_obj
 .text.enableTimerClock
                0x0000000008005458      0x120 .pio/build/blackpill_f411ce/SrcWrapper/src/stm32/timer.c.o
                0x0000000008005458                enableTimerClock
 .text.disableTimerClock
                0x0000000008005578       0xac .pio/build/blackpill_f411ce/SrcWrapper/src/stm32/timer.c.o
                0x0000000008005578                disableTimerClock
 .text.getTimerUpIrq
                0x0000000008005624       0x74 .pio/build/blackpill_f411ce/SrcWrapper/src/stm32/timer.c.o
                0x0000000008005624                getTimerUpIrq
 .text.getTimerCCIrq
                0x0000000008005698       0x78 .pio/build/blackpill_f411ce/SrcWrapper/src/stm32/timer.c.o
                0x0000000008005698                getTimerCCIrq
 .text.HAL_TIM_Base_MspInit
                0x0000000008005710       0x4e .pio/build/blackpill_f411ce/SrcWrapper/src/stm32/timer.c.o
                0x0000000008005710                HAL_TIM_Base_MspInit
 *fill*         0x000000000800575e        0x2 
 .text.uart_init.part.0
                0x0000000008005760      0x1c4 .pio/build/blackpill_f411ce/SrcWrapper/src/stm32/uart.c.o
 .text.uart_debug_init
                0x0000000008005924       0x34 .pio/build/blackpill_f411ce/SrcWrapper/src/stm32/uart.c.o
                0x0000000008005924                uart_debug_init
 .text.serial_rx_active
                0x0000000008005958       0x24 .pio/build/blackpill_f411ce/SrcWrapper/src/stm32/uart.c.o
                0x0000000008005958                serial_rx_active
 .text.serial_tx_active
                0x000000000800597c       0x24 .pio/build/blackpill_f411ce/SrcWrapper/src/stm32/uart.c.o
                0x000000000800597c                serial_tx_active
 .text.uart_debug_write
                0x00000000080059a0       0xcc .pio/build/blackpill_f411ce/SrcWrapper/src/stm32/uart.c.o
                0x00000000080059a0                uart_debug_write
 .text.uart_attach_tx_callback
                0x0000000008005a6c       0x40 .pio/build/blackpill_f411ce/SrcWrapper/src/stm32/uart.c.o
                0x0000000008005a6c                uart_attach_tx_callback
 .text.uart_enable_tx
                0x0000000008005aac       0x1c .pio/build/blackpill_f411ce/SrcWrapper/src/stm32/uart.c.o
                0x0000000008005aac                uart_enable_tx
 .text.uart_enable_rx
                0x0000000008005ac8       0x1c .pio/build/blackpill_f411ce/SrcWrapper/src/stm32/uart.c.o
                0x0000000008005ac8                uart_enable_rx
 .text.HAL_UART_RxCpltCallback
                0x0000000008005ae4        0x6 .pio/build/blackpill_f411ce/SrcWrapper/src/stm32/uart.c.o
                0x0000000008005ae4                HAL_UART_RxCpltCallback
 .text.HAL_UART_TxCpltCallback
                0x0000000008005aea        0x6 .pio/build/blackpill_f411ce/SrcWrapper/src/stm32/uart.c.o
                0x0000000008005aea                HAL_UART_TxCpltCallback
 .text.HAL_UART_ErrorCallback
                0x0000000008005af0       0x7a .pio/build/blackpill_f411ce/SrcWrapper/src/stm32/uart.c.o
                0x0000000008005af0                HAL_UART_ErrorCallback
 *fill*         0x0000000008005b6a        0x2 
 .text.USART1_IRQHandler
                0x0000000008005b6c       0x18 .pio/build/blackpill_f411ce/SrcWrapper/src/stm32/uart.c.o
                0x0000000008005b6c                USART1_IRQHandler
 .text.USART2_IRQHandler
                0x0000000008005b84       0x1c .pio/build/blackpill_f411ce/SrcWrapper/src/stm32/uart.c.o
                0x0000000008005b84                USART2_IRQHandler
 .text.USART6_IRQHandler
                0x0000000008005ba0       0x18 .pio/build/blackpill_f411ce/SrcWrapper/src/stm32/uart.c.o
                0x0000000008005ba0                USART6_IRQHandler
 .text._sbrk    0x0000000008005bb8       0x3c .pio/build/blackpill_f411ce/SrcWrapper/src/syscalls.c.o
                0x0000000008005bb8                _sbrk
 .text._close   0x0000000008005bf4        0x6 .pio/build/blackpill_f411ce/SrcWrapper/src/syscalls.c.o
                0x0000000008005bf4                _close
 .text._fstat   0x0000000008005bfa        0xa .pio/build/blackpill_f411ce/SrcWrapper/src/syscalls.c.o
                0x0000000008005bfa                _fstat
 .text._isatty  0x0000000008005c04        0x4 .pio/build/blackpill_f411ce/SrcWrapper/src/syscalls.c.o
                0x0000000008005c04                _isatty
 .text._lseek   0x0000000008005c08        0x4 .pio/build/blackpill_f411ce/SrcWrapper/src/syscalls.c.o
                0x0000000008005c08                _lseek
 .text._read    0x0000000008005c0c        0x4 .pio/build/blackpill_f411ce/SrcWrapper/src/syscalls.c.o
                0x0000000008005c0c                _read
 .text._exit    0x0000000008005c10        0x2 .pio/build/blackpill_f411ce/SrcWrapper/src/syscalls.c.o
                0x0000000008005c10                _exit
 *fill*         0x0000000008005c12        0x2 
 .text._kill    0x0000000008005c14       0x10 .pio/build/blackpill_f411ce/SrcWrapper/src/syscalls.c.o
                0x0000000008005c14                _kill
 .text._getpid  0x0000000008005c24        0x4 .pio/build/blackpill_f411ce/SrcWrapper/src/syscalls.c.o
                0x0000000008005c24                _getpid
 .text._Z7isr_higv
                0x0000000008005c28        0xc .pio/build/blackpill_f411ce/src/main.cpp.o
                0x0000000008005c28                isr_hig()
 .text._Z7isr_imuv
                0x0000000008005c34       0x1c .pio/build/blackpill_f411ce/src/main.cpp.o
                0x0000000008005c34                isr_imu()
 .text._Z7readIMUv
                0x0000000008005c50      0x208 .pio/build/blackpill_f411ce/src/main.cpp.o
                0x0000000008005c50                readIMU()
 .text._Z11recordStatev
                0x0000000008005e58       0xcc .pio/build/blackpill_f411ce/src/main.cpp.o
                0x0000000008005e58                recordState()
 .text._Z10logToFlashv
                0x0000000008005f24       0xb4 .pio/build/blackpill_f411ce/src/main.cpp.o
                0x0000000008005f24                logToFlash()
 .text.loop     0x0000000008005fd8       0x5c .pio/build/blackpill_f411ce/src/main.cpp.o
                0x0000000008005fd8                loop
 .text.startup._GLOBAL__sub_I_i2c
                0x0000000008006034       0xa0 .pio/build/blackpill_f411ce/src/main.cpp.o
 .text.exit._GLOBAL__sub_D_i2c
                0x00000000080060d4       0x24 .pio/build/blackpill_f411ce/src/main.cpp.o
 .text.setup    0x00000000080060f8      0x1d0 .pio/build/blackpill_f411ce/src/main.cpp.o
                0x00000000080060f8                setup
 .text._ZN8SPIClass6pinIdxEhNS_12pin_option_tE
                0x00000000080062c8       0x74 .pio/build/blackpill_f411ce/lib5fc/libSPI.a(SPI.cpp.o)
                0x00000000080062c8                SPIClass::pinIdx(unsigned char, SPIClass::pin_option_t)
 .text._ZN8SPIClass5beginEh
                0x000000000800633c       0x4e .pio/build/blackpill_f411ce/lib5fc/libSPI.a(SPI.cpp.o)
                0x000000000800633c                SPIClass::begin(unsigned char)
 .text._ZN8SPIClass16beginTransactionEh11SPISettings
                0x000000000800638a       0x70 .pio/build/blackpill_f411ce/lib5fc/libSPI.a(SPI.cpp.o)
                0x000000000800638a                SPIClass::beginTransaction(unsigned char, SPISettings)
 .text._ZN8SPIClass8transferEhh15SPITransferMode
                0x00000000080063fa       0x9c .pio/build/blackpill_f411ce/lib5fc/libSPI.a(SPI.cpp.o)
                0x00000000080063fa                SPIClass::transfer(unsigned char, unsigned char, SPITransferMode)
 .text._ZN8SPIClass10transfer16Eht15SPITransferMode
                0x0000000008006496       0xca .pio/build/blackpill_f411ce/lib5fc/libSPI.a(SPI.cpp.o)
                0x0000000008006496                SPIClass::transfer16(unsigned char, unsigned short, SPITransferMode)
 .text._ZN8SPIClass8transferEhPvj15SPITransferMode
                0x0000000008006560       0xa0 .pio/build/blackpill_f411ce/lib5fc/libSPI.a(SPI.cpp.o)
                0x0000000008006560                SPIClass::transfer(unsigned char, void*, unsigned int, SPITransferMode)
 .text._ZN8SPIClass8transferEhPvS0_j15SPITransferMode
                0x0000000008006600       0xaa .pio/build/blackpill_f411ce/lib5fc/libSPI.a(SPI.cpp.o)
                0x0000000008006600                SPIClass::transfer(unsigned char, void*, void*, unsigned int, SPITransferMode)
 *fill*         0x00000000080066aa        0x2 
 .text._ZN8SPIClassC2Ev
                0x00000000080066ac       0x5c .pio/build/blackpill_f411ce/lib5fc/libSPI.a(SPI.cpp.o)
                0x00000000080066ac                SPIClass::SPIClass()
                0x00000000080066ac                SPIClass::SPIClass()
 .text._ZN8SPIClassC2Emmmm
                0x0000000008006708      0x148 .pio/build/blackpill_f411ce/lib5fc/libSPI.a(SPI.cpp.o)
                0x0000000008006708                SPIClass::SPIClass(unsigned long, unsigned long, unsigned long, unsigned long)
                0x0000000008006708                SPIClass::SPIClass(unsigned long, unsigned long, unsigned long, unsigned long)
 .text.startup._GLOBAL__sub_I_SPI
                0x0000000008006850        0xc .pio/build/blackpill_f411ce/lib5fc/libSPI.a(SPI.cpp.o)
 .text.LL_GPIO_SetPinPull
                0x000000000800685c       0x2a .pio/build/blackpill_f411ce/lib5fc/libSPI.a(spi_com.c.o)
 *fill*         0x0000000008006886        0x2 
 .text.spi_getClkFreqInst
                0x0000000008006888       0x60 .pio/build/blackpill_f411ce/lib5fc/libSPI.a(spi_com.c.o)
                0x0000000008006888                spi_getClkFreqInst
 .text.spi_init
                0x00000000080068e8      0x29c .pio/build/blackpill_f411ce/lib5fc/libSPI.a(spi_com.c.o)
                0x00000000080068e8                spi_init
 .text.spi_transfer
                0x0000000008006b84       0x78 .pio/build/blackpill_f411ce/lib5fc/libSPI.a(spi_com.c.o)
                0x0000000008006b84                spi_transfer
 .text._ZN5Print17availableForWriteEv
                0x0000000008006bfc        0x4 .pio/build/blackpill_f411ce/lib2de/libWire.a(Wire.cpp.o)
                0x0000000008006bfc                Print::availableForWrite()
 .text._ZN7TwoWire9availableEv
                0x0000000008006c00        0x8 .pio/build/blackpill_f411ce/lib2de/libWire.a(Wire.cpp.o)
                0x0000000008006c00                TwoWire::available()
 .text._ZN7TwoWire4readEv
                0x0000000008006c08       0x1a .pio/build/blackpill_f411ce/lib2de/libWire.a(Wire.cpp.o)
                0x0000000008006c08                TwoWire::read()
 .text._ZN7TwoWire4peekEv
                0x0000000008006c22       0x12 .pio/build/blackpill_f411ce/lib2de/libWire.a(Wire.cpp.o)
                0x0000000008006c22                TwoWire::peek()
 .text._ZN7TwoWire16onRequestServiceEP5i2c_s
                0x0000000008006c34       0x16 .pio/build/blackpill_f411ce/lib2de/libWire.a(Wire.cpp.o)
                0x0000000008006c34                TwoWire::onRequestService(i2c_s*)
 *fill*         0x0000000008006c4a        0x2 
 .text._ZN7TwoWireC2Ev
                0x0000000008006c4c       0x30 .pio/build/blackpill_f411ce/lib2de/libWire.a(Wire.cpp.o)
                0x0000000008006c4c                TwoWire::TwoWire()
                0x0000000008006c4c                TwoWire::TwoWire()
 .text._ZN7TwoWireC2Emm
                0x0000000008006c7c       0xa4 .pio/build/blackpill_f411ce/lib2de/libWire.a(Wire.cpp.o)
                0x0000000008006c7c                TwoWire::TwoWire(unsigned long, unsigned long)
                0x0000000008006c7c                TwoWire::TwoWire(unsigned long, unsigned long)
 .text._ZN7TwoWire17beginTransmissionEi
                0x0000000008006d20       0x10 .pio/build/blackpill_f411ce/lib2de/libWire.a(Wire.cpp.o)
                0x0000000008006d20                TwoWire::beginTransmission(int)
 .text._ZN7TwoWire16allocateRxBufferEj
                0x0000000008006d30       0x22 .pio/build/blackpill_f411ce/lib2de/libWire.a(Wire.cpp.o)
                0x0000000008006d30                TwoWire::allocateRxBuffer(unsigned int)
 .text._ZN7TwoWire16onReceiveServiceEP5i2c_s
                0x0000000008006d52       0x4c .pio/build/blackpill_f411ce/lib2de/libWire.a(Wire.cpp.o)
                0x0000000008006d52                TwoWire::onReceiveService(i2c_s*)
 .text._ZN7TwoWire16allocateTxBufferEj
                0x0000000008006d9e       0x32 .pio/build/blackpill_f411ce/lib2de/libWire.a(Wire.cpp.o)
                0x0000000008006d9e                TwoWire::allocateTxBuffer(unsigned int)
 .text._ZN7TwoWire5writeEh
                0x0000000008006dd0       0x42 .pio/build/blackpill_f411ce/lib2de/libWire.a(Wire.cpp.o)
                0x0000000008006dd0                TwoWire::write(unsigned char)
 .text._ZN7TwoWire5writeEPKhj
                0x0000000008006e12       0x40 .pio/build/blackpill_f411ce/lib2de/libWire.a(Wire.cpp.o)
                0x0000000008006e12                TwoWire::write(unsigned char const*, unsigned int)
 .text._ZN7TwoWire13resetTxBufferEv
                0x0000000008006e52       0x10 .pio/build/blackpill_f411ce/lib2de/libWire.a(Wire.cpp.o)
                0x0000000008006e52                TwoWire::resetTxBuffer()
 .text._ZN7TwoWire15endTransmissionEh
                0x0000000008006e62       0x46 .pio/build/blackpill_f411ce/lib2de/libWire.a(Wire.cpp.o)
                0x0000000008006e62                TwoWire::endTransmission(unsigned char)
 .text._ZN7TwoWire11requestFromEhhmhh
                0x0000000008006ea8       0x92 .pio/build/blackpill_f411ce/lib2de/libWire.a(Wire.cpp.o)
                0x0000000008006ea8                TwoWire::requestFrom(unsigned char, unsigned char, unsigned long, unsigned char, unsigned char)
 .text._ZN7TwoWire15endTransmissionEv
                0x0000000008006f3a        0x6 .pio/build/blackpill_f411ce/lib2de/libWire.a(Wire.cpp.o)
                0x0000000008006f3a                TwoWire::endTransmission()
 .text._ZN7TwoWire5flushEv
                0x0000000008006f40       0x20 .pio/build/blackpill_f411ce/lib2de/libWire.a(Wire.cpp.o)
                0x0000000008006f40                TwoWire::flush()
 .text._ZN7TwoWire10recoverBusEv
                0x0000000008006f60       0xcc .pio/build/blackpill_f411ce/lib2de/libWire.a(Wire.cpp.o)
                0x0000000008006f60                TwoWire::recoverBus()
 .text._ZN7TwoWire5beginEhbb
                0x000000000800702c       0x98 .pio/build/blackpill_f411ce/lib2de/libWire.a(Wire.cpp.o)
                0x000000000800702c                TwoWire::begin(unsigned char, bool, bool)
 .text._ZN7TwoWire5beginEb
                0x00000000080070c4        0xa .pio/build/blackpill_f411ce/lib2de/libWire.a(Wire.cpp.o)
                0x00000000080070c4                TwoWire::begin(bool)
 *fill*         0x00000000080070ce        0x2 
 .text.startup._GLOBAL__sub_I__ZN7TwoWireC2Ev
                0x00000000080070d0        0xc .pio/build/blackpill_f411ce/lib2de/libWire.a(Wire.cpp.o)
 .text.exit._GLOBAL__sub_D__ZN7TwoWireC2Ev
                0x00000000080070dc       0x24 .pio/build/blackpill_f411ce/lib2de/libWire.a(Wire.cpp.o)
 .text.i2c_custom_init
                0x0000000008007100      0x1d0 .pio/build/blackpill_f411ce/lib2de/libWire.a(twi.c.o)
                0x0000000008007100                i2c_custom_init
 .text.i2c_slave_write_IT
                0x00000000080072d0       0x34 .pio/build/blackpill_f411ce/lib2de/libWire.a(twi.c.o)
                0x00000000080072d0                i2c_slave_write_IT
 .text.i2c_master_read
                0x0000000008007304       0x92 .pio/build/blackpill_f411ce/lib2de/libWire.a(twi.c.o)
                0x0000000008007304                i2c_master_read
 .text.i2c_IsDeviceReady
                0x0000000008007396       0x40 .pio/build/blackpill_f411ce/lib2de/libWire.a(twi.c.o)
                0x0000000008007396                i2c_IsDeviceReady
 .text.i2c_master_write
                0x00000000080073d6       0xa6 .pio/build/blackpill_f411ce/lib2de/libWire.a(twi.c.o)
                0x00000000080073d6                i2c_master_write
 .text.i2c_attachSlaveRxEvent
                0x000000000800747c        0xe .pio/build/blackpill_f411ce/lib2de/libWire.a(twi.c.o)
                0x000000000800747c                i2c_attachSlaveRxEvent
 .text.i2c_attachSlaveTxEvent
                0x000000000800748a        0xe .pio/build/blackpill_f411ce/lib2de/libWire.a(twi.c.o)
                0x000000000800748a                i2c_attachSlaveTxEvent
 .text.HAL_I2C_AddrCallback
                0x0000000008007498       0x6c .pio/build/blackpill_f411ce/lib2de/libWire.a(twi.c.o)
                0x0000000008007498                HAL_I2C_AddrCallback
 .text.HAL_I2C_ListenCpltCallback
                0x0000000008007504       0x2a .pio/build/blackpill_f411ce/lib2de/libWire.a(twi.c.o)
                0x0000000008007504                HAL_I2C_ListenCpltCallback
 .text.HAL_I2C_SlaveRxCpltCallback
                0x000000000800752e       0x24 .pio/build/blackpill_f411ce/lib2de/libWire.a(twi.c.o)
                0x000000000800752e                HAL_I2C_SlaveRxCpltCallback
 .text.HAL_I2C_SlaveTxCpltCallback
                0x0000000008007552        0x8 .pio/build/blackpill_f411ce/lib2de/libWire.a(twi.c.o)
                0x0000000008007552                HAL_I2C_SlaveTxCpltCallback
 .text.HAL_I2C_ErrorCallback
                0x000000000800755a        0xc .pio/build/blackpill_f411ce/lib2de/libWire.a(twi.c.o)
                0x000000000800755a                HAL_I2C_ErrorCallback
 *fill*         0x0000000008007566        0x2 
 .text.I2C1_EV_IRQHandler
                0x0000000008007568        0xc .pio/build/blackpill_f411ce/lib2de/libWire.a(twi.c.o)
                0x0000000008007568                I2C1_EV_IRQHandler
 .text.I2C1_ER_IRQHandler
                0x0000000008007574        0xc .pio/build/blackpill_f411ce/lib2de/libWire.a(twi.c.o)
                0x0000000008007574                I2C1_ER_IRQHandler
 .text.I2C2_EV_IRQHandler
                0x0000000008007580        0xc .pio/build/blackpill_f411ce/lib2de/libWire.a(twi.c.o)
                0x0000000008007580                I2C2_EV_IRQHandler
 .text.I2C2_ER_IRQHandler
                0x000000000800758c        0xc .pio/build/blackpill_f411ce/lib2de/libWire.a(twi.c.o)
                0x000000000800758c                I2C2_ER_IRQHandler
 .text.I2C3_EV_IRQHandler
                0x0000000008007598        0xc .pio/build/blackpill_f411ce/lib2de/libWire.a(twi.c.o)
                0x0000000008007598                I2C3_EV_IRQHandler
 .text.I2C3_ER_IRQHandler
                0x00000000080075a4        0xc .pio/build/blackpill_f411ce/lib2de/libWire.a(twi.c.o)
                0x00000000080075a4                I2C3_ER_IRQHandler
 .text._ZN7VectorFC2Efff
                0x00000000080075b0       0x14 .pio/build/blackpill_f411ce/lib4f6/liblsm6dso32.a(VectorMath.cpp.o)
                0x00000000080075b0                VectorF::VectorF(float, float, float)
                0x00000000080075b0                VectorF::VectorF(float, float, float)
 .text._ZN7VectorFC2E11StockVector
                0x00000000080075c4       0x42 .pio/build/blackpill_f411ce/lib4f6/liblsm6dso32.a(VectorMath.cpp.o)
                0x00000000080075c4                VectorF::VectorF(StockVector)
                0x00000000080075c4                VectorF::VectorF(StockVector)
 .text._ZN7VectorFC2Ev
                0x0000000008007606        0x2 .pio/build/blackpill_f411ce/lib4f6/liblsm6dso32.a(VectorMath.cpp.o)
                0x0000000008007606                VectorF::VectorF()
                0x0000000008007606                VectorF::VectorF()
 .text._ZNK7VectorF5magSqEv
                0x0000000008007608       0x20 .pio/build/blackpill_f411ce/lib4f6/liblsm6dso32.a(VectorMath.cpp.o)
                0x0000000008007608                VectorF::magSq() const
 .text._ZNK7VectorF3magEv
                0x0000000008007628        0xe .pio/build/blackpill_f411ce/lib4f6/liblsm6dso32.a(VectorMath.cpp.o)
                0x0000000008007628                VectorF::mag() const
 .text._ZNK7VectorF6negateEv
                0x0000000008007636       0x24 .pio/build/blackpill_f411ce/lib4f6/liblsm6dso32.a(VectorMath.cpp.o)
                0x0000000008007636                VectorF::negate() const
 .text._ZNK7VectorF3addES_
                0x000000000800765a       0x24 .pio/build/blackpill_f411ce/lib4f6/liblsm6dso32.a(VectorMath.cpp.o)
                0x000000000800765a                VectorF::add(VectorF) const
 .text._ZNK7VectorF5scaleEf
                0x000000000800767e       0x28 .pio/build/blackpill_f411ce/lib4f6/liblsm6dso32.a(VectorMath.cpp.o)
                0x000000000800767e                VectorF::scale(float) const
 .text._ZN5QuatFC2Effff
                0x00000000080076a6       0x1a .pio/build/blackpill_f411ce/lib4f6/liblsm6dso32.a(VectorMath.cpp.o)
                0x00000000080076a6                QuatF::QuatF(float, float, float, float)
                0x00000000080076a6                QuatF::QuatF(float, float, float, float)
 .text._ZN5QuatFC2ERK7VectorF
                0x00000000080076c0       0x12 .pio/build/blackpill_f411ce/lib4f6/liblsm6dso32.a(VectorMath.cpp.o)
                0x00000000080076c0                QuatF::QuatF(VectorF const&)
                0x00000000080076c0                QuatF::QuatF(VectorF const&)
 .text._ZN5QuatFC2Ev
                0x00000000080076d2        0x2 .pio/build/blackpill_f411ce/lib4f6/liblsm6dso32.a(VectorMath.cpp.o)
                0x00000000080076d2                QuatF::QuatF()
                0x00000000080076d2                QuatF::QuatF()
 .text._ZN5QuatF13fromAngleAxisERK7VectorF
                0x00000000080076d4       0x9c .pio/build/blackpill_f411ce/lib4f6/liblsm6dso32.a(VectorMath.cpp.o)
                0x00000000080076d4                QuatF::fromAngleAxis(VectorF const&)
 .text._ZNK5QuatF4conjEv
                0x0000000008007770       0x2a .pio/build/blackpill_f411ce/lib4f6/liblsm6dso32.a(VectorMath.cpp.o)
                0x0000000008007770                QuatF::conj() const
 .text._ZNK5QuatF4multERKS_
                0x000000000800779a       0x76 .pio/build/blackpill_f411ce/lib4f6/liblsm6dso32.a(VectorMath.cpp.o)
                0x000000000800779a                QuatF::mult(QuatF const&) const
 .text._ZNK7VectorF6rotateERK5QuatF
                0x0000000008007810       0x76 .pio/build/blackpill_f411ce/lib4f6/liblsm6dso32.a(VectorMath.cpp.o)
                0x0000000008007810                VectorF::rotate(QuatF const&) const
 .text._ZN9LSM6DSO32C2Ev
                0x0000000008007886        0xa .pio/build/blackpill_f411ce/lib4f6/liblsm6dso32.a(lsm6dso32.cpp.o)
                0x0000000008007886                LSM6DSO32::LSM6DSO32()
                0x0000000008007886                LSM6DSO32::LSM6DSO32()
 .text._ZN9LSM6DSO3213readRegistersEPh13lsm6_reg_addrj
                0x0000000008007890       0x4e .pio/build/blackpill_f411ce/lib4f6/liblsm6dso32.a(lsm6dso32.cpp.o)
                0x0000000008007890                LSM6DSO32::readRegisters(unsigned char*, lsm6_reg_addr, unsigned int)
 .text._ZN9LSM6DSO3210readWhoAmIEv
                0x00000000080078de       0x1e .pio/build/blackpill_f411ce/lib4f6/liblsm6dso32.a(lsm6dso32.cpp.o)
                0x00000000080078de                LSM6DSO32::readWhoAmI()
 .text._ZN9LSM6DSO3213writeRegisterEh13lsm6_reg_addr
                0x00000000080078fc       0x40 .pio/build/blackpill_f411ce/lib4f6/liblsm6dso32.a(lsm6dso32.cpp.o)
                0x00000000080078fc                LSM6DSO32::writeRegister(unsigned char, lsm6_reg_addr)
 .text._ZN9LSM6DSO325beginEP7TwoWirea
                0x000000000800793c       0x2c .pio/build/blackpill_f411ce/lib4f6/liblsm6dso32.a(lsm6dso32.cpp.o)
                0x000000000800793c                LSM6DSO32::begin(TwoWire*, signed char)
 .text._ZN9LSM6DSO3210startAccelE16lsm6_accel_range10lsm6_srateb
                0x0000000008007968       0x7c .pio/build/blackpill_f411ce/lib4f6/liblsm6dso32.a(lsm6dso32.cpp.o)
                0x0000000008007968                LSM6DSO32::startAccel(lsm6_accel_range, lsm6_srate, bool)
 *fill*         0x00000000080079e4        0x4 
 .text._ZN9LSM6DSO329startGyroE15lsm6_gyro_range10lsm6_srate
                0x00000000080079e8       0x8c .pio/build/blackpill_f411ce/lib4f6/liblsm6dso32.a(lsm6dso32.cpp.o)
                0x00000000080079e8                LSM6DSO32::startGyro(lsm6_gyro_range, lsm6_srate)
 .text._ZN9LSM6DSO327setInt1E14lsm6_int1_ctrl
                0x0000000008007a74        0x6 .pio/build/blackpill_f411ce/lib4f6/liblsm6dso32.a(lsm6dso32.cpp.o)
                0x0000000008007a74                LSM6DSO32::setInt1(lsm6_int1_ctrl)
 .text._ZN9LSM6DSO3210readVectorE13lsm6_reg_addrf
                0x0000000008007a7a       0x78 .pio/build/blackpill_f411ce/lib4f6/liblsm6dso32.a(lsm6dso32.cpp.o)
                0x0000000008007a7a                LSM6DSO32::readVector(lsm6_reg_addr, float)
 .text._ZN9LSM6DSO328getAccelEv
                0x0000000008007af2        0xe .pio/build/blackpill_f411ce/lib4f6/liblsm6dso32.a(lsm6dso32.cpp.o)
                0x0000000008007af2                LSM6DSO32::getAccel()
 .text._ZN9LSM6DSO327getGyroEv
                0x0000000008007b00        0xe .pio/build/blackpill_f411ce/lib4f6/liblsm6dso32.a(lsm6dso32.cpp.o)
                0x0000000008007b00                LSM6DSO32::getGyro()
 .text._ZN5Print5writeEPKc
                0x0000000008007b0e       0x24 .pio/build/blackpill_f411ce/libFrameworkArduino.a(Print.cpp.o)
                0x0000000008007b0e                Print::write(char const*)
 *fill*         0x0000000008007b32        0x2 
 .text._ZN5Print7printlnEv
                0x0000000008007b34       0x10 .pio/build/blackpill_f411ce/libFrameworkArduino.a(Print.cpp.o)
                0x0000000008007b34                Print::println()
 .text._ZN5Print7printlnEPK19__FlashStringHelper
                0x0000000008007b44       0x14 .pio/build/blackpill_f411ce/libFrameworkArduino.a(Print.cpp.o)
                0x0000000008007b44                Print::println(__FlashStringHelper const*)
 .text._ZN5Print7printlnEPKc
                0x0000000008007b58        0x4 .pio/build/blackpill_f411ce/libFrameworkArduino.a(Print.cpp.o)
                0x0000000008007b58                Print::println(char const*)
 .text._write   0x0000000008007b5c       0x22 .pio/build/blackpill_f411ce/libFrameworkArduino.a(Print.cpp.o)
                0x0000000008007b5c                _write
 .text._ZN5Print6printfEPKcz
                0x0000000008007b7e       0x1a .pio/build/blackpill_f411ce/libFrameworkArduino.a(Print.cpp.o)
                0x0000000008007b7e                Print::printf(char const*, ...)
 .text._ZN6Stream9timedReadEv
                0x0000000008007b98       0x2a .pio/build/blackpill_f411ce/libFrameworkArduino.a(Stream.cpp.o)
                0x0000000008007b98                Stream::timedRead()
 .text._ZN6Stream9readBytesEPcj
                0x0000000008007bc2       0x2a .pio/build/blackpill_f411ce/libFrameworkArduino.a(Stream.cpp.o)
                0x0000000008007bc2                Stream::readBytes(char*, unsigned int)
 .text._ZN6Stream14readBytesUntilEcPcj
                0x0000000008007bec       0x30 .pio/build/blackpill_f411ce/libFrameworkArduino.a(Stream.cpp.o)
                0x0000000008007bec                Stream::readBytesUntil(char, char*, unsigned int)
 .text._ZN9USBSerial5writeEh
                0x0000000008007c1c       0x18 .pio/build/blackpill_f411ce/libFrameworkArduino.a(USBSerial.cpp.o)
                0x0000000008007c1c                USBSerial::write(unsigned char)
 .text._ZN9USBSerial17availableForWriteEv
                0x0000000008007c34        0xc .pio/build/blackpill_f411ce/libFrameworkArduino.a(USBSerial.cpp.o)
                0x0000000008007c34                USBSerial::availableForWrite()
 .text._ZN9USBSerial5writeEPKhj
                0x0000000008007c40       0x48 .pio/build/blackpill_f411ce/libFrameworkArduino.a(USBSerial.cpp.o)
                0x0000000008007c40                USBSerial::write(unsigned char const*, unsigned int)
 .text._ZN9USBSerial9availableEv
                0x0000000008007c88        0xc .pio/build/blackpill_f411ce/libFrameworkArduino.a(USBSerial.cpp.o)
                0x0000000008007c88                USBSerial::available()
 .text._ZN9USBSerial4readEv
                0x0000000008007c94       0x18 .pio/build/blackpill_f411ce/libFrameworkArduino.a(USBSerial.cpp.o)
                0x0000000008007c94                USBSerial::read()
 .text._ZN9USBSerial9readBytesEPcj
                0x0000000008007cac       0x4c .pio/build/blackpill_f411ce/libFrameworkArduino.a(USBSerial.cpp.o)
                0x0000000008007cac                USBSerial::readBytes(char*, unsigned int)
 .text._ZN9USBSerial14readBytesUntilEcPcj
                0x0000000008007cf8       0x68 .pio/build/blackpill_f411ce/libFrameworkArduino.a(USBSerial.cpp.o)
                0x0000000008007cf8                USBSerial::readBytesUntil(char, char*, unsigned int)
 .text._ZN9USBSerial4peekEv
                0x0000000008007d60        0xc .pio/build/blackpill_f411ce/libFrameworkArduino.a(USBSerial.cpp.o)
                0x0000000008007d60                USBSerial::peek()
 .text._ZN9USBSerial5flushEv
                0x0000000008007d6c       0x14 .pio/build/blackpill_f411ce/libFrameworkArduino.a(USBSerial.cpp.o)
                0x0000000008007d6c                USBSerial::flush()
 .text._ZN9USBSerial5beginEm
                0x0000000008007d80        0x4 .pio/build/blackpill_f411ce/libFrameworkArduino.a(USBSerial.cpp.o)
                0x0000000008007d80                USBSerial::begin(unsigned long)
 .text._ZN9USBSerialcvbEv
                0x0000000008007d84       0x14 .pio/build/blackpill_f411ce/libFrameworkArduino.a(USBSerial.cpp.o)
                0x0000000008007d84                USBSerial::operator bool()
 .text.startup._GLOBAL__sub_I_SerialUSB
                0x0000000008007d98       0x1c .pio/build/blackpill_f411ce/libFrameworkArduino.a(USBSerial.cpp.o)
 .text._Z15attachInterruptmSt8functionIFvvEEm
                0x0000000008007db4       0x94 .pio/build/blackpill_f411ce/libFrameworkArduino.a(WInterrupts.cpp.o)
                0x0000000008007db4                attachInterrupt(unsigned long, std::function<void ()>, unsigned long)
 .text.startup._Z7premainv
                0x0000000008007e48       0x10 .pio/build/blackpill_f411ce/libFrameworkArduino.a(main.cpp.o)
                0x0000000008007e48                premain()
 .text.startup.main
                0x0000000008007e58       0x14 .pio/build/blackpill_f411ce/libFrameworkArduino.a(main.cpp.o)
                0x0000000008007e58                main
 .text.pinNametoDigitalPin
                0x0000000008007e6c       0x34 .pio/build/blackpill_f411ce/libFrameworkArduino.a(pins_arduino.c.o)
                0x0000000008007e6c                pinNametoDigitalPin
 .text.Reset_Handler
                0x0000000008007ea0       0x50 .pio/build/blackpill_f411ce/libFrameworkArduino.a(startup_stm32yyxx.S.o)
                0x0000000008007ea0                Reset_Handler
 .text.Default_Handler
                0x0000000008007ef0        0x2 .pio/build/blackpill_f411ce/libFrameworkArduino.a(startup_stm32yyxx.S.o)
                0x0000000008007ef0                RTC_Alarm_IRQHandler
                0x0000000008007ef0                DebugMon_Handler
                0x0000000008007ef0                SPI4_IRQHandler
                0x0000000008007ef0                DMA2_Stream5_IRQHandler
                0x0000000008007ef0                HardFault_Handler
                0x0000000008007ef0                DMA1_Stream5_IRQHandler
                0x0000000008007ef0                PVD_IRQHandler
                0x0000000008007ef0                SDIO_IRQHandler
                0x0000000008007ef0                TAMP_STAMP_IRQHandler
                0x0000000008007ef0                PendSV_Handler
                0x0000000008007ef0                NMI_Handler
                0x0000000008007ef0                DMA1_Stream2_IRQHandler
                0x0000000008007ef0                FPU_IRQHandler
                0x0000000008007ef0                UsageFault_Handler
                0x0000000008007ef0                DMA2_Stream2_IRQHandler
                0x0000000008007ef0                SPI1_IRQHandler
                0x0000000008007ef0                DMA2_Stream3_IRQHandler
                0x0000000008007ef0                DMA2_Stream0_IRQHandler
                0x0000000008007ef0                DMA1_Stream6_IRQHandler
                0x0000000008007ef0                DMA1_Stream1_IRQHandler
                0x0000000008007ef0                RCC_IRQHandler
                0x0000000008007ef0                Default_Handler
                0x0000000008007ef0                ADC_IRQHandler
                0x0000000008007ef0                DMA1_Stream7_IRQHandler
                0x0000000008007ef0                SPI5_IRQHandler
                0x0000000008007ef0                DMA2_Stream7_IRQHandler
                0x0000000008007ef0                RTC_WKUP_IRQHandler
                0x0000000008007ef0                SPI2_IRQHandler
                0x0000000008007ef0                MemManage_Handler
                0x0000000008007ef0                DMA1_Stream0_IRQHandler
                0x0000000008007ef0                SVC_Handler
                0x0000000008007ef0                WWDG_IRQHandler
                0x0000000008007ef0                DMA2_Stream1_IRQHandler
                0x0000000008007ef0                FLASH_IRQHandler
                0x0000000008007ef0                DMA2_Stream4_IRQHandler
                0x0000000008007ef0                BusFault_Handler
                0x0000000008007ef0                SPI3_IRQHandler
                0x0000000008007ef0                DMA1_Stream4_IRQHandler
                0x0000000008007ef0                DMA2_Stream6_IRQHandler
                0x0000000008007ef0                DMA1_Stream3_IRQHandler
 .text.CDC_TransmitQueue_Init
                0x0000000008007ef2        0xc .pio/build/blackpill_f411ce/libFrameworkArduino.a(cdc_queue.c.o)
                0x0000000008007ef2                CDC_TransmitQueue_Init
 .text.CDC_TransmitQueue_WriteSize
                0x0000000008007efe       0x20 .pio/build/blackpill_f411ce/libFrameworkArduino.a(cdc_queue.c.o)
                0x0000000008007efe                CDC_TransmitQueue_WriteSize
 .text.CDC_TransmitQueue_ReadSize
                0x0000000008007f1e       0x22 .pio/build/blackpill_f411ce/libFrameworkArduino.a(cdc_queue.c.o)
                0x0000000008007f1e                CDC_TransmitQueue_ReadSize
 .text.CDC_TransmitQueue_Enqueue
                0x0000000008007f40       0x46 .pio/build/blackpill_f411ce/libFrameworkArduino.a(cdc_queue.c.o)
                0x0000000008007f40                CDC_TransmitQueue_Enqueue
 .text.CDC_TransmitQueue_ReadBlock
                0x0000000008007f86       0x36 .pio/build/blackpill_f411ce/libFrameworkArduino.a(cdc_queue.c.o)
                0x0000000008007f86                CDC_TransmitQueue_ReadBlock
 .text.CDC_TransmitQueue_CommitRead
                0x0000000008007fbc       0x14 .pio/build/blackpill_f411ce/libFrameworkArduino.a(cdc_queue.c.o)
                0x0000000008007fbc                CDC_TransmitQueue_CommitRead
 .text.CDC_ReceiveQueue_Init
                0x0000000008007fd0       0x12 .pio/build/blackpill_f411ce/libFrameworkArduino.a(cdc_queue.c.o)
                0x0000000008007fd0                CDC_ReceiveQueue_Init
 .text.CDC_ReceiveQueue_ReserveBlock
                0x0000000008007fe2       0x72 .pio/build/blackpill_f411ce/libFrameworkArduino.a(cdc_queue.c.o)
                0x0000000008007fe2                CDC_ReceiveQueue_ReserveBlock
 .text.CDC_ReceiveQueue_CommitBlock
                0x0000000008008054       0x36 .pio/build/blackpill_f411ce/libFrameworkArduino.a(cdc_queue.c.o)
                0x0000000008008054                CDC_ReceiveQueue_CommitBlock
 .text.CDC_ReceiveQueue_ReadSize
                0x000000000800808a       0x50 .pio/build/blackpill_f411ce/libFrameworkArduino.a(cdc_queue.c.o)
                0x000000000800808a                CDC_ReceiveQueue_ReadSize
 .text.CDC_ReceiveQueue_Dequeue
                0x00000000080080da       0x6e .pio/build/blackpill_f411ce/libFrameworkArduino.a(cdc_queue.c.o)
                0x00000000080080da                CDC_ReceiveQueue_Dequeue
 .text.CDC_ReceiveQueue_Peek
                0x0000000008008148       0x4c .pio/build/blackpill_f411ce/libFrameworkArduino.a(cdc_queue.c.o)
                0x0000000008008148                CDC_ReceiveQueue_Peek
 .text.CDC_ReceiveQueue_Read
                0x0000000008008194       0x90 .pio/build/blackpill_f411ce/libFrameworkArduino.a(cdc_queue.c.o)
                0x0000000008008194                CDC_ReceiveQueue_Read
 .text.CDC_ReceiveQueue_ReadUntil
                0x0000000008008224       0xce .pio/build/blackpill_f411ce/libFrameworkArduino.a(cdc_queue.c.o)
                0x0000000008008224                CDC_ReceiveQueue_ReadUntil
 .text.USBD_CDC_DeInit
                0x00000000080082f2        0x4 .pio/build/blackpill_f411ce/libFrameworkArduino.a(usbd_cdc_if.c.o)
 *fill*         0x00000000080082f6        0x2 
 .text.USBD_CDC_Control
                0x00000000080082f8       0x84 .pio/build/blackpill_f411ce/libFrameworkArduino.a(usbd_cdc_if.c.o)
 .text.USBD_CDC_Init
                0x000000000800837c       0x38 .pio/build/blackpill_f411ce/libFrameworkArduino.a(usbd_cdc_if.c.o)
 .text.CDC_init
                0x00000000080083b4       0x48 .pio/build/blackpill_f411ce/libFrameworkArduino.a(usbd_cdc_if.c.o)
                0x00000000080083b4                CDC_init
 .text.CDC_connected
                0x00000000080083fc       0x38 .pio/build/blackpill_f411ce/libFrameworkArduino.a(usbd_cdc_if.c.o)
                0x00000000080083fc                CDC_connected
 .text.CDC_continue_transmit
                0x0000000008008434       0x4c .pio/build/blackpill_f411ce/libFrameworkArduino.a(usbd_cdc_if.c.o)
                0x0000000008008434                CDC_continue_transmit
 .text.USBD_CDC_TransmitCplt
                0x0000000008008480       0x20 .pio/build/blackpill_f411ce/libFrameworkArduino.a(usbd_cdc_if.c.o)
 .text.CDC_resume_receive
                0x00000000080084a0       0x38 .pio/build/blackpill_f411ce/libFrameworkArduino.a(usbd_cdc_if.c.o)
                0x00000000080084a0                CDC_resume_receive
 .text.USBD_CDC_Receive
                0x00000000080084d8       0x2c .pio/build/blackpill_f411ce/libFrameworkArduino.a(usbd_cdc_if.c.o)
 .text.USBD_Init
                0x0000000008008504       0x26 .pio/build/blackpill_f411ce/libFrameworkArduino.a(usb_device_core.c.o)
                0x0000000008008504                USBD_Init
 .text.USBD_RegisterClass
                0x000000000800852a       0x2c .pio/build/blackpill_f411ce/libFrameworkArduino.a(usb_device_core.c.o)
                0x000000000800852a                USBD_RegisterClass
 .text.USBD_Start
                0x0000000008008556        0x4 .pio/build/blackpill_f411ce/libFrameworkArduino.a(usb_device_core.c.o)
                0x0000000008008556                USBD_Start
 .text.USBD_SetClassConfig
                0x000000000800855a        0xe .pio/build/blackpill_f411ce/libFrameworkArduino.a(usb_device_core.c.o)
                0x000000000800855a                USBD_SetClassConfig
 .text.USBD_ClrClassConfig
                0x0000000008008568       0x10 .pio/build/blackpill_f411ce/libFrameworkArduino.a(usb_device_core.c.o)
                0x0000000008008568                USBD_ClrClassConfig
 .text.USBD_LL_SetupStage
                0x0000000008008578       0x60 .pio/build/blackpill_f411ce/libFrameworkArduino.a(usb_device_core.c.o)
                0x0000000008008578                USBD_LL_SetupStage
 .text.USBD_LL_DataOutStage
                0x00000000080085d8       0x60 .pio/build/blackpill_f411ce/libFrameworkArduino.a(usb_device_core.c.o)
                0x00000000080085d8                USBD_LL_DataOutStage
 .text.USBD_LL_DataInStage
                0x0000000008008638       0x9c .pio/build/blackpill_f411ce/libFrameworkArduino.a(usb_device_core.c.o)
                0x0000000008008638                USBD_LL_DataInStage
 .text.USBD_LL_Reset
                0x00000000080086d4       0x58 .pio/build/blackpill_f411ce/libFrameworkArduino.a(usb_device_core.c.o)
                0x00000000080086d4                USBD_LL_Reset
 .text.USBD_LL_SetSpeed
                0x000000000800872c        0x6 .pio/build/blackpill_f411ce/libFrameworkArduino.a(usb_device_core.c.o)
                0x000000000800872c                USBD_LL_SetSpeed
 .text.USBD_LL_Suspend
                0x0000000008008732       0x14 .pio/build/blackpill_f411ce/libFrameworkArduino.a(usb_device_core.c.o)
                0x0000000008008732                USBD_LL_Suspend
 .text.USBD_LL_Resume
                0x0000000008008746       0x16 .pio/build/blackpill_f411ce/libFrameworkArduino.a(usb_device_core.c.o)
                0x0000000008008746                USBD_LL_Resume
 .text.USBD_LL_SOF
                0x000000000800875c       0x22 .pio/build/blackpill_f411ce/libFrameworkArduino.a(usb_device_core.c.o)
                0x000000000800875c                USBD_LL_SOF
 .text.USBD_LL_IsoINIncomplete
                0x000000000800877e       0x22 .pio/build/blackpill_f411ce/libFrameworkArduino.a(usb_device_core.c.o)
                0x000000000800877e                USBD_LL_IsoINIncomplete
 .text.USBD_LL_IsoOUTIncomplete
                0x00000000080087a0       0x22 .pio/build/blackpill_f411ce/libFrameworkArduino.a(usb_device_core.c.o)
                0x00000000080087a0                USBD_LL_IsoOUTIncomplete
 .text.USBD_LL_DevConnected
                0x00000000080087c2        0x4 .pio/build/blackpill_f411ce/libFrameworkArduino.a(usb_device_core.c.o)
                0x00000000080087c2                USBD_LL_DevConnected
 .text.USBD_LL_DevDisconnected
                0x00000000080087c6       0x18 .pio/build/blackpill_f411ce/libFrameworkArduino.a(usb_device_core.c.o)
                0x00000000080087c6                USBD_LL_DevDisconnected
 .text.USBD_CtlError.constprop.0
                0x00000000080087de       0x16 .pio/build/blackpill_f411ce/libFrameworkArduino.a(usb_device_ctlreq.c.o)
 .text.USBD_StdDevReq
                0x00000000080087f4      0x284 .pio/build/blackpill_f411ce/libFrameworkArduino.a(usb_device_ctlreq.c.o)
                0x00000000080087f4                USBD_StdDevReq
 .text.USBD_StdItfReq
                0x0000000008008a78       0x4c .pio/build/blackpill_f411ce/libFrameworkArduino.a(usb_device_ctlreq.c.o)
                0x0000000008008a78                USBD_StdItfReq
 .text.USBD_StdEPReq
                0x0000000008008ac4      0x120 .pio/build/blackpill_f411ce/libFrameworkArduino.a(usb_device_ctlreq.c.o)
                0x0000000008008ac4                USBD_StdEPReq
 .text.USBD_ParseSetupRequest
                0x0000000008008be4       0x16 .pio/build/blackpill_f411ce/libFrameworkArduino.a(usb_device_ctlreq.c.o)
                0x0000000008008be4                USBD_ParseSetupRequest
 .text.USBD_CtlError
                0x0000000008008bfa       0x16 .pio/build/blackpill_f411ce/libFrameworkArduino.a(usb_device_ctlreq.c.o)
                0x0000000008008bfa                USBD_CtlError
 .text.USBD_GetString
                0x0000000008008c10       0x38 .pio/build/blackpill_f411ce/libFrameworkArduino.a(usb_device_ctlreq.c.o)
                0x0000000008008c10                USBD_GetString
 .text.USBD_CtlSendData
                0x0000000008008c48       0x1a .pio/build/blackpill_f411ce/libFrameworkArduino.a(usb_device_ioreq.c.o)
                0x0000000008008c48                USBD_CtlSendData
 .text.USBD_CtlContinueSendData
                0x0000000008008c62       0x10 .pio/build/blackpill_f411ce/libFrameworkArduino.a(usb_device_ioreq.c.o)
                0x0000000008008c62                USBD_CtlContinueSendData
 .text.USBD_CtlPrepareRx
                0x0000000008008c72       0x1a .pio/build/blackpill_f411ce/libFrameworkArduino.a(usb_device_ioreq.c.o)
                0x0000000008008c72                USBD_CtlPrepareRx
 .text.USBD_CtlContinueRx
                0x0000000008008c8c       0x10 .pio/build/blackpill_f411ce/libFrameworkArduino.a(usb_device_ioreq.c.o)
                0x0000000008008c8c                USBD_CtlContinueRx
 .text.USBD_CtlSendStatus
                0x0000000008008c9c       0x16 .pio/build/blackpill_f411ce/libFrameworkArduino.a(usb_device_ioreq.c.o)
                0x0000000008008c9c                USBD_CtlSendStatus
 .text.USBD_CtlReceiveStatus
                0x0000000008008cb2       0x16 .pio/build/blackpill_f411ce/libFrameworkArduino.a(usb_device_ioreq.c.o)
                0x0000000008008cb2                USBD_CtlReceiveStatus
 .text.HAL_PCD_MspInit
                0x0000000008008cc8       0x98 .pio/build/blackpill_f411ce/libFrameworkArduino.a(usbd_conf.c.o)
                0x0000000008008cc8                HAL_PCD_MspInit
 .text.HAL_PCD_SetupStageCallback
                0x0000000008008d60        0xc .pio/build/blackpill_f411ce/libFrameworkArduino.a(usbd_conf.c.o)
                0x0000000008008d60                HAL_PCD_SetupStageCallback
 .text.HAL_PCD_DataOutStageCallback
                0x0000000008008d6c       0x12 .pio/build/blackpill_f411ce/libFrameworkArduino.a(usbd_conf.c.o)
                0x0000000008008d6c                HAL_PCD_DataOutStageCallback
 .text.HAL_PCD_DataInStageCallback
                0x0000000008008d7e       0x10 .pio/build/blackpill_f411ce/libFrameworkArduino.a(usbd_conf.c.o)
                0x0000000008008d7e                HAL_PCD_DataInStageCallback
 .text.HAL_PCD_SOFCallback
                0x0000000008008d8e        0x8 .pio/build/blackpill_f411ce/libFrameworkArduino.a(usbd_conf.c.o)
                0x0000000008008d8e                HAL_PCD_SOFCallback
 .text.HAL_PCD_ResetCallback
                0x0000000008008d96       0x1a .pio/build/blackpill_f411ce/libFrameworkArduino.a(usbd_conf.c.o)
                0x0000000008008d96                HAL_PCD_ResetCallback
 .text.HAL_PCD_SuspendCallback
                0x0000000008008db0       0x30 .pio/build/blackpill_f411ce/libFrameworkArduino.a(usbd_conf.c.o)
                0x0000000008008db0                HAL_PCD_SuspendCallback
 .text.HAL_PCD_ResumeCallback
                0x0000000008008de0       0x34 .pio/build/blackpill_f411ce/libFrameworkArduino.a(usbd_conf.c.o)
                0x0000000008008de0                HAL_PCD_ResumeCallback
 .text.HAL_PCD_ISOOUTIncompleteCallback
                0x0000000008008e14        0x8 .pio/build/blackpill_f411ce/libFrameworkArduino.a(usbd_conf.c.o)
                0x0000000008008e14                HAL_PCD_ISOOUTIncompleteCallback
 .text.HAL_PCD_ISOINIncompleteCallback
                0x0000000008008e1c        0x8 .pio/build/blackpill_f411ce/libFrameworkArduino.a(usbd_conf.c.o)
                0x0000000008008e1c                HAL_PCD_ISOINIncompleteCallback
 .text.HAL_PCD_ConnectCallback
                0x0000000008008e24        0x8 .pio/build/blackpill_f411ce/libFrameworkArduino.a(usbd_conf.c.o)
                0x0000000008008e24                HAL_PCD_ConnectCallback
 .text.HAL_PCD_DisconnectCallback
                0x0000000008008e2c        0x8 .pio/build/blackpill_f411ce/libFrameworkArduino.a(usbd_conf.c.o)
                0x0000000008008e2c                HAL_PCD_DisconnectCallback
 .text.OTG_FS_IRQHandler
                0x0000000008008e34        0xc .pio/build/blackpill_f411ce/libFrameworkArduino.a(usbd_conf.c.o)
                0x0000000008008e34                OTG_FS_IRQHandler
 .text.OTG_FS_WKUP_IRQHandler
                0x0000000008008e40       0x3c .pio/build/blackpill_f411ce/libFrameworkArduino.a(usbd_conf.c.o)
                0x0000000008008e40                OTG_FS_WKUP_IRQHandler
 .text.USBD_LL_Init
                0x0000000008008e7c       0x70 .pio/build/blackpill_f411ce/libFrameworkArduino.a(usbd_conf.c.o)
                0x0000000008008e7c                USBD_LL_Init
 .text.USBD_LL_Start
                0x0000000008008eec        0xe .pio/build/blackpill_f411ce/libFrameworkArduino.a(usbd_conf.c.o)
                0x0000000008008eec                USBD_LL_Start
 .text.USBD_LL_OpenEP
                0x0000000008008efa       0x14 .pio/build/blackpill_f411ce/libFrameworkArduino.a(usbd_conf.c.o)
                0x0000000008008efa                USBD_LL_OpenEP
 .text.USBD_LL_CloseEP